Archive member included to satisfy reference by file (symbol)

c:/progra~2/gnuarm~1/102021~1.10/bin/../lib/gcc/arm-none-eabi/10.3.1/../../../../arm-none-eabi/lib/thumb/v6-m/nofp\libc_nano.a(lib_a-abort.o)
                              src/decompiled/CMakeFiles/decompiled.dir/decompiled.c.obj (abort)
c:/progra~2/gnuarm~1/102021~1.10/bin/../lib/gcc/arm-none-eabi/10.3.1/../../../../arm-none-eabi/lib/thumb/v6-m/nofp\libc_nano.a(lib_a-exit.o)
                              c:/progra~2/gnuarm~1/102021~1.10/bin/../lib/gcc/arm-none-eabi/10.3.1/../../../../arm-none-eabi/lib/thumb/v6-m/nofp/crt0.o (exit)
c:/progra~2/gnuarm~1/102021~1.10/bin/../lib/gcc/arm-none-eabi/10.3.1/../../../../arm-none-eabi/lib/thumb/v6-m/nofp\libc_nano.a(lib_a-impure.o)
                              c:/progra~2/gnuarm~1/102021~1.10/bin/../lib/gcc/arm-none-eabi/10.3.1/../../../../arm-none-eabi/lib/thumb/v6-m/nofp\libc_nano.a(lib_a-exit.o) (_global_impure_ptr)
c:/progra~2/gnuarm~1/102021~1.10/bin/../lib/gcc/arm-none-eabi/10.3.1/../../../../arm-none-eabi/lib/thumb/v6-m/nofp\libc_nano.a(lib_a-init.o)
                              c:/progra~2/gnuarm~1/102021~1.10/bin/../lib/gcc/arm-none-eabi/10.3.1/../../../../arm-none-eabi/lib/thumb/v6-m/nofp/crt0.o (__libc_init_array)
c:/progra~2/gnuarm~1/102021~1.10/bin/../lib/gcc/arm-none-eabi/10.3.1/../../../../arm-none-eabi/lib/thumb/v6-m/nofp\libc_nano.a(lib_a-memset.o)
                              c:/progra~2/gnuarm~1/102021~1.10/bin/../lib/gcc/arm-none-eabi/10.3.1/../../../../arm-none-eabi/lib/thumb/v6-m/nofp/crt0.o (memset)
c:/progra~2/gnuarm~1/102021~1.10/bin/../lib/gcc/arm-none-eabi/10.3.1/../../../../arm-none-eabi/lib/thumb/v6-m/nofp\libc_nano.a(lib_a-signal.o)
                              c:/progra~2/gnuarm~1/102021~1.10/bin/../lib/gcc/arm-none-eabi/10.3.1/../../../../arm-none-eabi/lib/thumb/v6-m/nofp\libc_nano.a(lib_a-abort.o) (raise)
c:/progra~2/gnuarm~1/102021~1.10/bin/../lib/gcc/arm-none-eabi/10.3.1/../../../../arm-none-eabi/lib/thumb/v6-m/nofp\libc_nano.a(lib_a-signalr.o)
                              c:/progra~2/gnuarm~1/102021~1.10/bin/../lib/gcc/arm-none-eabi/10.3.1/../../../../arm-none-eabi/lib/thumb/v6-m/nofp\libc_nano.a(lib_a-signal.o) (_kill_r)
c:/progra~2/gnuarm~1/102021~1.10/bin/../lib/gcc/arm-none-eabi/10.3.1/../../../../arm-none-eabi/lib/thumb/v6-m/nofp\libc_nano.a(lib_a-nano-mallocr.o)
                              c:/progra~2/gnuarm~1/102021~1.10/bin/../lib/gcc/arm-none-eabi/10.3.1/../../../../arm-none-eabi/lib/thumb/v6-m/nofp\libc_nano.a(lib_a-signal.o) (_malloc_r)
c:/progra~2/gnuarm~1/102021~1.10/bin/../lib/gcc/arm-none-eabi/10.3.1/../../../../arm-none-eabi/lib/thumb/v6-m/nofp\libc_nano.a(lib_a-reent.o)
                              c:/progra~2/gnuarm~1/102021~1.10/bin/../lib/gcc/arm-none-eabi/10.3.1/../../../../arm-none-eabi/lib/thumb/v6-m/nofp\libc_nano.a(lib_a-signalr.o) (errno)
c:/progra~2/gnuarm~1/102021~1.10/bin/../lib/gcc/arm-none-eabi/10.3.1/../../../../arm-none-eabi/lib/thumb/v6-m/nofp\libc_nano.a(lib_a-sbrkr.o)
                              c:/progra~2/gnuarm~1/102021~1.10/bin/../lib/gcc/arm-none-eabi/10.3.1/../../../../arm-none-eabi/lib/thumb/v6-m/nofp\libc_nano.a(lib_a-nano-mallocr.o) (_sbrk_r)
c:/progra~2/gnuarm~1/102021~1.10/bin/../lib/gcc/arm-none-eabi/10.3.1/../../../../arm-none-eabi/lib/thumb/v6-m/nofp\libc_nano.a(lib_a-mlock.o)
                              c:/progra~2/gnuarm~1/102021~1.10/bin/../lib/gcc/arm-none-eabi/10.3.1/../../../../arm-none-eabi/lib/thumb/v6-m/nofp\libc_nano.a(lib_a-nano-mallocr.o) (__malloc_lock)
c:/progra~2/gnuarm~1/102021~1.10/bin/../lib/gcc/arm-none-eabi/10.3.1/../../../../arm-none-eabi/lib/thumb/v6-m/nofp\libc_nano.a(lib_a-nano-freer.o)
                              c:/progra~2/gnuarm~1/102021~1.10/bin/../lib/gcc/arm-none-eabi/10.3.1/../../../../arm-none-eabi/lib/thumb/v6-m/nofp\libc_nano.a(lib_a-reent.o) (_free_r)
c:/progra~2/gnuarm~1/102021~1.10/bin/../lib/gcc/arm-none-eabi/10.3.1/../../../../arm-none-eabi/lib/thumb/v6-m/nofp\libc_nano.a(lib_a-lock.o)
                              c:/progra~2/gnuarm~1/102021~1.10/bin/../lib/gcc/arm-none-eabi/10.3.1/../../../../arm-none-eabi/lib/thumb/v6-m/nofp\libc_nano.a(lib_a-mlock.o) (__retarget_lock_acquire_recursive)
c:/progra~2/gnuarm~1/102021~1.10/bin/../lib/gcc/arm-none-eabi/10.3.1/thumb/v6-m/nofp\libgcc.a(_thumb1_case_shi.o)
                              src/decompiled/CMakeFiles/decompiled.dir/decompiled.c.obj (__gnu_thumb1_case_shi)
c:/progra~2/gnuarm~1/102021~1.10/bin/../lib/gcc/arm-none-eabi/10.3.1/thumb/v6-m/nofp\libgcc.a(_udivsi3.o)
                              src/decompiled/CMakeFiles/decompiled.dir/__/mcu_target_common/system_stm32g0xx.c.obj (__aeabi_uidiv)
c:/progra~2/gnuarm~1/102021~1.10/bin/../lib/gcc/arm-none-eabi/10.3.1/thumb/v6-m/nofp\libgcc.a(_divsi3.o)
                              src/decompiled/CMakeFiles/decompiled.dir/__/mcu_target_common/system_stm32g0xx.c.obj (__aeabi_idiv)
[...]
Memory Configuration

Name             Origin             Length             Attributes
RAM              0x20000000         0x00002000         xrw
FLASH            0x08000000         0x00008000         xr
*default*        0x00000000         0xffffffff

Linker script and memory map

LOAD c:/progra~2/gnuarm~1/102021~1.10/bin/../lib/gcc/arm-none-eabi/10.3.1/thumb/v6-m/nofp/crti.o
LOAD c:/progra~2/gnuarm~1/102021~1.10/bin/../lib/gcc/arm-none-eabi/10.3.1/thumb/v6-m/nofp/crtbegin.o
LOAD c:/progra~2/gnuarm~1/102021~1.10/bin/../lib/gcc/arm-none-eabi/10.3.1/../../../../arm-none-eabi/lib/thumb/v6-m/nofp/crt0.o
LOAD c:/progra~2/gnuarm~1/102021~1.10/bin/../lib/gcc/arm-none-eabi/10.3.1/../../../../arm-none-eabi/lib/thumb/v6-m/nofp\libnosys.a
LOAD src/decompiled/CMakeFiles/decompiled.dir/__/mcu_target_common/system_stm32g0xx.c.obj
LOAD src/decompiled/CMakeFiles/decompiled.dir/__/mcu_target_common/startup_stm32g030xx.s.obj
LOAD src/decompiled/CMakeFiles/decompiled.dir/main.cpp.obj
LOAD src/decompiled/CMakeFiles/decompiled.dir/decompiled.c.obj
LOAD c:/progra~2/gnuarm~1/102021~1.10/bin/../lib/gcc/arm-none-eabi/10.3.1/../../../../arm-none-eabi/lib/thumb/v6-m/nofp\libstdc++_nano.a
LOAD c:/progra~2/gnuarm~1/102021~1.10/bin/../lib/gcc/arm-none-eabi/10.3.1/../../../../arm-none-eabi/lib/thumb/v6-m/nofp\libm.a
LOAD c:/progra~2/gnuarm~1/102021~1.10/bin/../lib/gcc/arm-none-eabi/10.3.1/../../../../arm-none-eabi/lib/thumb/v6-m/nofp\libc_nano.a
START GROUP
LOAD c:/progra~2/gnuarm~1/102021~1.10/bin/../lib/gcc/arm-none-eabi/10.3.1/thumb/v6-m/nofp\libgcc.a
LOAD c:/progra~2/gnuarm~1/102021~1.10/bin/../lib/gcc/arm-none-eabi/10.3.1/../../../../arm-none-eabi/lib/thumb/v6-m/nofp\libg_nano.a
LOAD c:/progra~2/gnuarm~1/102021~1.10/bin/../lib/gcc/arm-none-eabi/10.3.1/../../../../arm-none-eabi/lib/thumb/v6-m/nofp\libc_nano.a
END GROUP
START GROUP
LOAD c:/progra~2/gnuarm~1/102021~1.10/bin/../lib/gcc/arm-none-eabi/10.3.1/thumb/v6-m/nofp\libgcc.a
LOAD c:/progra~2/gnuarm~1/102021~1.10/bin/../lib/gcc/arm-none-eabi/10.3.1/../../../../arm-none-eabi/lib/thumb/v6-m/nofp\libc_nano.a
LOAD c:/progra~2/gnuarm~1/102021~1.10/bin/../lib/gcc/arm-none-eabi/10.3.1/../../../../arm-none-eabi/lib/thumb/v6-m/nofp\libnosys.a
END GROUP
START GROUP
LOAD c:/progra~2/gnuarm~1/102021~1.10/bin/../lib/gcc/arm-none-eabi/10.3.1/thumb/v6-m/nofp\libgcc.a
LOAD c:/progra~2/gnuarm~1/102021~1.10/bin/../lib/gcc/arm-none-eabi/10.3.1/../../../../arm-none-eabi/lib/thumb/v6-m/nofp\libc_nano.a
LOAD c:/progra~2/gnuarm~1/102021~1.10/bin/../lib/gcc/arm-none-eabi/10.3.1/../../../../arm-none-eabi/lib/thumb/v6-m/nofp\libnosys.a
END GROUP
LOAD c:/progra~2/gnuarm~1/102021~1.10/bin/../lib/gcc/arm-none-eabi/10.3.1/thumb/v6-m/nofp/crtend.o
LOAD c:/progra~2/gnuarm~1/102021~1.10/bin/../lib/gcc/arm-none-eabi/10.3.1/thumb/v6-m/nofp/crtn.o
                0x20002000                _estack = 0x20002000
                0x00000200                _Min_Heap_Size = 0x200
                0x00000400                _Min_Stack_Size = 0x400

.isr_vector     0x08000000       0xb8
                0x08000000                . = ALIGN (0x4)
 *(.isr_vector)
 .isr_vector    0x08000000       0xb8 src/decompiled/CMakeFiles/decompiled.dir/__/mcu_target_common/startup_stm32g030xx.s.obj
                0x08000000                g_pfnVectors
                0x080000b8                . = ALIGN (0x4)

.text           0x080000b8      0xa24
                0x080000b8                . = ALIGN (0x4)
 *(.text)
 .text          0x080000b8       0x48 c:/progra~2/gnuarm~1/102021~1.10/bin/../lib/gcc/arm-none-eabi/10.3.1/thumb/v6-m/nofp/crtbegin.o
 *(.text*)
 .text.SystemInit
                0x08000100        0x2 src/decompiled/CMakeFiles/decompiled.dir/__/mcu_target_common/system_stm32g0xx.c.obj
                0x08000100                SystemInit
 *fill*         0x08000102        0x2 
 .text.Reset_Handler
                0x08000104       0x50 src/decompiled/CMakeFiles/decompiled.dir/__/mcu_target_common/startup_stm32g030xx.s.obj
                0x08000104                Reset_Handler
 .text.Default_Handler
                0x08000154        0x2 src/decompiled/CMakeFiles/decompiled.dir/__/mcu_target_common/startup_stm32g030xx.s.obj
                0x08000154                TIM1_CC_IRQHandler
                0x08000154                HardFault_Handler
                0x08000154                SysTick_Handler
                0x08000154                PendSV_Handler
                0x08000154                NMI_Handler
                0x08000154                I2C1_IRQHandler
                0x08000154                RTC_TAMP_IRQHandler
                0x08000154                SPI1_IRQHandler
                0x08000154                DMA1_Ch4_5_DMAMUX1_OVR_IRQHandler
                0x08000154                EXTI2_3_IRQHandler
                0x08000154                ADC1_IRQHandler
                0x08000154                I2C2_IRQHandler
                0x08000154                TIM17_IRQHandler
                0x08000154                TIM16_IRQHandler
                0x08000154                TIM3_IRQHandler
                0x08000154                EXTI4_15_IRQHandler
                0x08000154                RCC_IRQHandler
                0x08000154                DMA1_Channel1_IRQHandler
                0x08000154                Default_Handler
                0x08000154                TIM14_IRQHandler
                0x08000154                EXTI0_1_IRQHandler
                0x08000154                SPI2_IRQHandler
                0x08000154                SVC_Handler
                0x08000154                WWDG_IRQHandler
                0x08000154                DMA1_Channel2_3_IRQHandler
                0x08000154                USART2_IRQHandler
                0x08000154                FLASH_IRQHandler
                0x08000154                USART1_IRQHandler
                0x08000154                TIM1_BRK_UP_TRG_COM_IRQHandler
 .text.__asm_nop
                0x08000156        0x4 src/decompiled/CMakeFiles/decompiled.dir/main.cpp.obj
                0x08000156                __asm_nop
 .text.startup.main
                0x0800015a        0xa src/decompiled/CMakeFiles/decompiled.dir/main.cpp.obj
                0x0800015a                main
 .text.function_750
                0x08000164       0x2c src/decompiled/CMakeFiles/decompiled.dir/decompiled.c.obj
                0x08000164                function_750
 .text.function_7e0
                0x08000190       0x18 src/decompiled/CMakeFiles/decompiled.dir/decompiled.c.obj
                0x08000190                function_7e0
 .text.function_a50
                0x080001a8       0x18 src/decompiled/CMakeFiles/decompiled.dir/decompiled.c.obj
                0x080001a8                function_a50
 .text.function_a90
                0x080001c0       0x14 src/decompiled/CMakeFiles/decompiled.dir/decompiled.c.obj
                0x080001c0                function_a90
 .text.function_b8d0
                0x080001d4      0x174 src/decompiled/CMakeFiles/decompiled.dir/decompiled.c.obj
                0x080001d4                function_b8d0
 .text.function_bf70
                0x08000348       0x18 src/decompiled/CMakeFiles/decompiled.dir/decompiled.c.obj
                0x08000348                function_bf70
 .text.function_bfe4
                0x08000360       0x14 src/decompiled/CMakeFiles/decompiled.dir/decompiled.c.obj
                0x08000360                function_bfe4
 .text.function_b05c
                0x08000374       0x60 src/decompiled/CMakeFiles/decompiled.dir/decompiled.c.obj
                0x08000374                function_b05c
 .text.function_b810
                0x080003d4       0x14 src/decompiled/CMakeFiles/decompiled.dir/decompiled.c.obj
                0x080003d4                function_b810
 .text.function_c014
                0x080003e8       0x58 src/decompiled/CMakeFiles/decompiled.dir/decompiled.c.obj
                0x080003e8                function_c014
 .text.function_bacc
                0x08000440       0x58 src/decompiled/CMakeFiles/decompiled.dir/decompiled.c.obj
                0x08000440                function_bacc
 .text.function_c268
                0x08000498      0x188 src/decompiled/CMakeFiles/decompiled.dir/decompiled.c.obj
                0x08000498                function_c268
 .text.function_ba6c
                0x08000620       0x28 src/decompiled/CMakeFiles/decompiled.dir/decompiled.c.obj
                0x08000620                function_ba6c
 .text.function_b768
                0x08000648       0x12 src/decompiled/CMakeFiles/decompiled.dir/decompiled.c.obj
                0x08000648                function_b768
 *fill*         0x0800065a        0x2 
 .text.function_c36c
                0x0800065c       0x44 src/decompiled/CMakeFiles/decompiled.dir/decompiled.c.obj
                0x0800065c                function_c36c
 .text.function_c674
                0x080006a0       0x4c src/decompiled/CMakeFiles/decompiled.dir/decompiled.c.obj
                0x080006a0                function_c674
 .text.function_7f4
                0x080006ec      0x308 src/decompiled/CMakeFiles/decompiled.dir/decompiled.c.obj
                0x080006ec                function_7f4
 .text.function_9dbc
                0x080009f4       0x18 src/decompiled/CMakeFiles/decompiled.dir/decompiled.c.obj
                0x080009f4                function_9dbc
 .text.function_af80
                0x08000a0c       0x12 src/decompiled/CMakeFiles/decompiled.dir/decompiled.c.obj
                0x08000a0c                function_af80
 *fill*         0x08000a1e        0x2 
 .text.function_c6b8
                0x08000a20       0x28 src/decompiled/CMakeFiles/decompiled.dir/decompiled.c.obj
                0x08000a20                function_c6b8
 .text.function_c0
                0x08000a48       0x2c src/decompiled/CMakeFiles/decompiled.dir/decompiled.c.obj
                0x08000a48                function_c0
 .text.entry_point
                0x08000a74        0x8 src/decompiled/CMakeFiles/decompiled.dir/decompiled.c.obj
                0x08000a74                entry_point
 .text.__libc_init_array
                0x08000a7c       0x48 c:/progra~2/gnuarm~1/102021~1.10/bin/../lib/gcc/arm-none-eabi/10.3.1/../../../../arm-none-eabi/lib/thumb/v6-m/nofp\libc_nano.a(lib_a-init.o)
                0x08000a7c                __libc_init_array
 *(.glue_7)
 .glue_7        0x08000ac4        0x0 linker stubs
 *(.glue_7t)
 .glue_7t       0x08000ac4        0x0 linker stubs
 *(.eh_frame)
 .eh_frame      0x08000ac4        0x0 c:/progra~2/gnuarm~1/102021~1.10/bin/../lib/gcc/arm-none-eabi/10.3.1/thumb/v6-m/nofp/crtbegin.o
 *(.init)
 .init          0x08000ac4        0x4 c:/progra~2/gnuarm~1/102021~1.10/bin/../lib/gcc/arm-none-eabi/10.3.1/thumb/v6-m/nofp/crti.o
                0x08000ac4                _init
 .init          0x08000ac8        0x8 c:/progra~2/gnuarm~1/102021~1.10/bin/../lib/gcc/arm-none-eabi/10.3.1/thumb/v6-m/nofp/crtn.o
 *(.fini)
 .fini          0x08000ad0        0x4 c:/progra~2/gnuarm~1/102021~1.10/bin/../lib/gcc/arm-none-eabi/10.3.1/thumb/v6-m/nofp/crti.o
                0x08000ad0                _fini
 .fini          0x08000ad4        0x8 c:/progra~2/gnuarm~1/102021~1.10/bin/../lib/gcc/arm-none-eabi/10.3.1/thumb/v6-m/nofp/crtn.o
                0x08000adc                . = ALIGN (0x4)
                0x08000adc                _etext = .

.vfp11_veneer   0x08000adc        0x0
 .vfp11_veneer  0x08000adc        0x0 linker stubs

.v4_bx          0x08000adc        0x0
 .v4_bx         0x08000adc        0x0 linker stubs

.iplt           0x08000adc        0x0
 .iplt          0x08000adc        0x0 c:/progra~2/gnuarm~1/102021~1.10/bin/../lib/gcc/arm-none-eabi/10.3.1/thumb/v6-m/nofp/crtbegin.o

.rodata         0x08000adc        0x8
                0x08000adc                . = ALIGN (0x4)
 *(.rodata)
 *(.rodata*)
 .rodata.str1.1
                0x08000adc        0x6 src/decompiled/CMakeFiles/decompiled.dir/decompiled.c.obj
                0x08000ae4                . = ALIGN (0x4)
 *fill*         0x08000ae2        0x2 

.rel.dyn        0x08000ae4        0x0
 .rel.iplt      0x08000ae4        0x0 c:/progra~2/gnuarm~1/102021~1.10/bin/../lib/gcc/arm-none-eabi/10.3.1/thumb/v6-m/nofp/crtbegin.o

.ARM.extab
 *(.ARM.extab* .gnu.linkonce.armextab.*)

.ARM            0x08000ae4        0x0
                0x08000ae4                __exidx_start = .
 *(.ARM.exidx*)
                0x08000ae4                __exidx_end = .

.preinit_array  0x08000ae4        0x0
                0x08000ae4                PROVIDE (__preinit_array_start = .)
 *(.preinit_array*)
                0x08000ae4                PROVIDE (__preinit_array_end = .)

.init_array     0x08000ae4        0x4
                0x08000ae4                PROVIDE (__init_array_start = .)
 *(SORT_BY_NAME(.init_array.*))
 *(.init_array*)
 .init_array    0x08000ae4        0x4 c:/progra~2/gnuarm~1/102021~1.10/bin/../lib/gcc/arm-none-eabi/10.3.1/thumb/v6-m/nofp/crtbegin.o
                0x08000ae8                PROVIDE (__init_array_end = .)

.fini_array     0x08000ae8        0x4
                [!provide]                PROVIDE (__fini_array_start = .)
 *(SORT_BY_NAME(.fini_array.*))
 *(.fini_array*)
 .fini_array    0x08000ae8        0x4 c:/progra~2/gnuarm~1/102021~1.10/bin/../lib/gcc/arm-none-eabi/10.3.1/thumb/v6-m/nofp/crtbegin.o
                [!provide]                PROVIDE (__fini_array_end = .)
                0x08000aec                _sidata = LOADADDR (.data)

.data           0x20000000       0x38 load address 0x08000aec
                0x20000000                . = ALIGN (0x4)
                0x20000000                _sdata = .
 *(.data)
 *(.data*)
 .data.g1       0x20000000        0x4 src/decompiled/CMakeFiles/decompiled.dir/decompiled.c.obj
                0x20000000                g1
 .data.g106     0x20000004        0x4 src/decompiled/CMakeFiles/decompiled.dir/decompiled.c.obj
                0x20000004                g106
 .data.g123     0x20000008        0x4 src/decompiled/CMakeFiles/decompiled.dir/decompiled.c.obj
                0x20000008                g123
 .data.g124     0x2000000c        0x4 src/decompiled/CMakeFiles/decompiled.dir/decompiled.c.obj
                0x2000000c                g124
 .data.g15      0x20000010        0x4 src/decompiled/CMakeFiles/decompiled.dir/decompiled.c.obj
                0x20000010                g15
 .data.g25      0x20000014        0x4 src/decompiled/CMakeFiles/decompiled.dir/decompiled.c.obj
                0x20000014                g25
 .data.g44      0x20000018        0x4 src/decompiled/CMakeFiles/decompiled.dir/decompiled.c.obj
                0x20000018                g44
 .data.g62      0x2000001c        0x4 src/decompiled/CMakeFiles/decompiled.dir/decompiled.c.obj
                0x2000001c                g62
 .data.g63      0x20000020        0x4 src/decompiled/CMakeFiles/decompiled.dir/decompiled.c.obj
                0x20000020                g63
 .data.g76      0x20000024        0x4 src/decompiled/CMakeFiles/decompiled.dir/decompiled.c.obj
                0x20000024                g76
 .data.g87      0x20000028        0x4 src/decompiled/CMakeFiles/decompiled.dir/decompiled.c.obj
                0x20000028                g87
 .data.g90      0x2000002c        0x4 src/decompiled/CMakeFiles/decompiled.dir/decompiled.c.obj
                0x2000002c                g90
 .data.g91      0x20000030        0x4 src/decompiled/CMakeFiles/decompiled.dir/decompiled.c.obj
                0x20000030                g91
 .data.g97      0x20000034        0x4 src/decompiled/CMakeFiles/decompiled.dir/decompiled.c.obj
                0x20000034                g97
                0x20000038                . = ALIGN (0x4)
                0x20000038                _edata = .

.igot.plt       0x20000038        0x0 load address 0x08000b24
 .igot.plt      0x20000038        0x0 c:/progra~2/gnuarm~1/102021~1.10/bin/../lib/gcc/arm-none-eabi/10.3.1/thumb/v6-m/nofp/crtbegin.o
                0x20000038                . = ALIGN (0x4)

.bss            0x20000038       0x7c load address 0x08000b24
                0x20000038                _sbss = .
                0x20000038                __bss_start__ = _sbss
 *(.bss)
 .bss           0x20000038       0x1c c:/progra~2/gnuarm~1/102021~1.10/bin/../lib/gcc/arm-none-eabi/10.3.1/thumb/v6-m/nofp/crtbegin.o
 *(.bss*)
 .bss.g102      0x20000054        0x4 src/decompiled/CMakeFiles/decompiled.dir/decompiled.c.obj
                0x20000054                g102
 .bss.g11       0x20000058        0x4 src/decompiled/CMakeFiles/decompiled.dir/decompiled.c.obj
                0x20000058                g11
 .bss.g111      0x2000005c        0x4 src/decompiled/CMakeFiles/decompiled.dir/decompiled.c.obj
                0x2000005c                g111
 .bss.g12       0x20000060        0x4 src/decompiled/CMakeFiles/decompiled.dir/decompiled.c.obj
                0x20000060                g12
 .bss.g121      0x20000064        0x4 src/decompiled/CMakeFiles/decompiled.dir/decompiled.c.obj
                0x20000064                g121
 .bss.g126      0x20000068        0x4 src/decompiled/CMakeFiles/decompiled.dir/decompiled.c.obj
                0x20000068                g126
 .bss.g13       0x2000006c        0x1 src/decompiled/CMakeFiles/decompiled.dir/decompiled.c.obj
                0x2000006c                g13
 *fill*         0x2000006d        0x3 
 .bss.g14       0x20000070        0x4 src/decompiled/CMakeFiles/decompiled.dir/decompiled.c.obj
                0x20000070                g14
 .bss.g16       0x20000074        0x4 src/decompiled/CMakeFiles/decompiled.dir/decompiled.c.obj
                0x20000074                g16
 .bss.g17       0x20000078        0x4 src/decompiled/CMakeFiles/decompiled.dir/decompiled.c.obj
                0x20000078                g17
 .bss.g19       0x2000007c        0x4 src/decompiled/CMakeFiles/decompiled.dir/decompiled.c.obj
                0x2000007c                g19
 .bss.g2        0x20000080        0x4 src/decompiled/CMakeFiles/decompiled.dir/decompiled.c.obj
                0x20000080                g2
 .bss.g20       0x20000084        0x4 src/decompiled/CMakeFiles/decompiled.dir/decompiled.c.obj
                0x20000084                g20
 .bss.g21       0x20000088        0x4 src/decompiled/CMakeFiles/decompiled.dir/decompiled.c.obj
                0x20000088                g21
 .bss.g23       0x2000008c        0x4 src/decompiled/CMakeFiles/decompiled.dir/decompiled.c.obj
                0x2000008c                g23
 .bss.g24       0x20000090        0x4 src/decompiled/CMakeFiles/decompiled.dir/decompiled.c.obj
                0x20000090                g24
 .bss.g26       0x20000094        0x4 src/decompiled/CMakeFiles/decompiled.dir/decompiled.c.obj
                0x20000094                g26
 .bss.g3        0x20000098        0x4 src/decompiled/CMakeFiles/decompiled.dir/decompiled.c.obj
                0x20000098                g3
 .bss.g45       0x2000009c        0x4 src/decompiled/CMakeFiles/decompiled.dir/decompiled.c.obj
                0x2000009c                g45
 .bss.g7        0x200000a0        0x4 src/decompiled/CMakeFiles/decompiled.dir/decompiled.c.obj
                0x200000a0                g7
 .bss.g71       0x200000a4        0x4 src/decompiled/CMakeFiles/decompiled.dir/decompiled.c.obj
                0x200000a4                g71
 .bss.g82       0x200000a8        0x4 src/decompiled/CMakeFiles/decompiled.dir/decompiled.c.obj
                0x200000a8                g82
 .bss.g9        0x200000ac        0x4 src/decompiled/CMakeFiles/decompiled.dir/decompiled.c.obj
                0x200000ac                g9
 .bss.g95       0x200000b0        0x4 src/decompiled/CMakeFiles/decompiled.dir/decompiled.c.obj
                0x200000b0                g95
 *(COMMON)
                0x200000b4                . = ALIGN (0x4)
                0x200000b4                _ebss = .
                0x200000b4                __bss_end__ = _ebss

._user_heap_stack
                0x200000b4      0x604 load address 0x08000b24
                0x200000b8                . = ALIGN (0x8)
 *fill*         0x200000b4        0x4 
                0x200000b8                PROVIDE (end = .)
                [!provide]                PROVIDE (_end = .)
                0x200002b8                . = (. + _Min_Heap_Size)
 *fill*         0x200000b8      0x200 
                0x200006b8                . = (. + _Min_Stack_Size)
 *fill*         0x200002b8      0x400 
                0x200006b8                . = ALIGN (0x8)

/DISCARD/
 libc.a(*)
 libm.a(*)
 libgcc.a(*)

.ARM.attributes
                0x00000000       0x28
 *(.ARM.attributes)
 .ARM.attributes
                0x00000000       0x1e c:/progra~2/gnuarm~1/102021~1.10/bin/../lib/gcc/arm-none-eabi/10.3.1/thumb/v6-m/nofp/crti.o
 .ARM.attributes
                0x0000001e       0x2c c:/progra~2/gnuarm~1/102021~1.10/bin/../lib/gcc/arm-none-eabi/10.3.1/thumb/v6-m/nofp/crtbegin.o
 .ARM.attributes
                0x0000004a       0x2c src/decompiled/CMakeFiles/decompiled.dir/__/mcu_target_common/system_stm32g0xx.c.obj
 .ARM.attributes
                0x00000076       0x22 src/decompiled/CMakeFiles/decompiled.dir/__/mcu_target_common/startup_stm32g030xx.s.obj
 .ARM.attributes
                0x00000098       0x2c src/decompiled/CMakeFiles/decompiled.dir/main.cpp.obj
 .ARM.attributes
                0x000000c4       0x2c src/decompiled/CMakeFiles/decompiled.dir/decompiled.c.obj
 .ARM.attributes
                0x000000f0       0x2c c:/progra~2/gnuarm~1/102021~1.10/bin/../lib/gcc/arm-none-eabi/10.3.1/../../../../arm-none-eabi/lib/thumb/v6-m/nofp\libc_nano.a(lib_a-init.o)
 .ARM.attributes
                0x0000011c       0x1e c:/progra~2/gnuarm~1/102021~1.10/bin/../lib/gcc/arm-none-eabi/10.3.1/thumb/v6-m/nofp/crtn.o
OUTPUT(src\decompiled\decompiled elf32-littlearm)
LOAD linker stubs
LOAD c:/progra~2/gnuarm~1/102021~1.10/bin/../lib/gcc/arm-none-eabi/10.3.1/../../../../arm-none-eabi/lib/thumb/v6-m/nofp\libc.a
LOAD c:/progra~2/gnuarm~1/102021~1.10/bin/../lib/gcc/arm-none-eabi/10.3.1/../../../../arm-none-eabi/lib/thumb/v6-m/nofp\libm.a
LOAD c:/progra~2/gnuarm~1/102021~1.10/bin/../lib/gcc/arm-none-eabi/10.3.1/thumb/v6-m/nofp\libgcc.a

.debug_info     0x00000000    0x1e1e6
 .debug_info    0x00000000      0x337 src/decompiled/CMakeFiles/decompiled.dir/__/mcu_target_common/system_stm32g0xx.c.obj
 .debug_info    0x00000337       0x22 src/decompiled/CMakeFiles/decompiled.dir/__/mcu_target_common/startup_stm32g030xx.s.obj
 .debug_info    0x00000359       0xe3 src/decompiled/CMakeFiles/decompiled.dir/main.cpp.obj
 .debug_info    0x0000043c    0x1ddaa src/decompiled/CMakeFiles/decompiled.dir/decompiled.c.obj

.debug_abbrev   0x00000000      0x633
 .debug_abbrev  0x00000000      0x131 src/decompiled/CMakeFiles/decompiled.dir/__/mcu_target_common/system_stm32g0xx.c.obj
 .debug_abbrev  0x00000131       0x12 src/decompiled/CMakeFiles/decompiled.dir/__/mcu_target_common/startup_stm32g030xx.s.obj
 .debug_abbrev  0x00000143       0x8f src/decompiled/CMakeFiles/decompiled.dir/main.cpp.obj
 .debug_abbrev  0x000001d2      0x461 src/decompiled/CMakeFiles/decompiled.dir/decompiled.c.obj

.debug_loc      0x00000000    0x1eb81
 .debug_loc     0x00000000       0xe0 src/decompiled/CMakeFiles/decompiled.dir/__/mcu_target_common/system_stm32g0xx.c.obj
 .debug_loc     0x000000e0    0x1eaa1 src/decompiled/CMakeFiles/decompiled.dir/decompiled.c.obj

.debug_aranges  0x00000000     0x11f0
 .debug_aranges
                0x00000000       0x28 src/decompiled/CMakeFiles/decompiled.dir/__/mcu_target_common/system_stm32g0xx.c.obj
 .debug_aranges
                0x00000028       0x28 src/decompiled/CMakeFiles/decompiled.dir/__/mcu_target_common/startup_stm32g030xx.s.obj
 .debug_aranges
                0x00000050       0x28 src/decompiled/CMakeFiles/decompiled.dir/main.cpp.obj
 .debug_aranges
                0x00000078     0x1178 src/decompiled/CMakeFiles/decompiled.dir/decompiled.c.obj

.debug_ranges   0x00000000     0x26f8
 .debug_ranges  0x00000000       0x18 src/decompiled/CMakeFiles/decompiled.dir/__/mcu_target_common/system_stm32g0xx.c.obj
 .debug_ranges  0x00000018       0x20 src/decompiled/CMakeFiles/decompiled.dir/__/mcu_target_common/startup_stm32g030xx.s.obj
 .debug_ranges  0x00000038       0x18 src/decompiled/CMakeFiles/decompiled.dir/main.cpp.obj
 .debug_ranges  0x00000050     0x26a8 src/decompiled/CMakeFiles/decompiled.dir/decompiled.c.obj

.debug_line     0x00000000     0xe02c
 .debug_line    0x00000000      0x297 src/decompiled/CMakeFiles/decompiled.dir/__/mcu_target_common/system_stm32g0xx.c.obj
 .debug_line    0x00000297       0xb1 src/decompiled/CMakeFiles/decompiled.dir/__/mcu_target_common/startup_stm32g030xx.s.obj
 .debug_line    0x00000348       0x93 src/decompiled/CMakeFiles/decompiled.dir/main.cpp.obj
 .debug_line    0x000003db     0xdc51 src/decompiled/CMakeFiles/decompiled.dir/decompiled.c.obj

.debug_str      0x00000000     0x35ea
 .debug_str     0x00000000      0x2c9 src/decompiled/CMakeFiles/decompiled.dir/__/mcu_target_common/system_stm32g0xx.c.obj
                                0x30b (size before relaxing)
 .debug_str     0x000002c9       0x5e src/decompiled/CMakeFiles/decompiled.dir/__/mcu_target_common/startup_stm32g030xx.s.obj
                                 0x88 (size before relaxing)
 .debug_str     0x00000327      0x129 src/decompiled/CMakeFiles/decompiled.dir/main.cpp.obj
                                0x1d7 (size before relaxing)
 .debug_str     0x00000450     0x319a src/decompiled/CMakeFiles/decompiled.dir/decompiled.c.obj
                               0x335a (size before relaxing)

.comment        0x00000000       0x49
 .comment       0x00000000       0x49 src/decompiled/CMakeFiles/decompiled.dir/__/mcu_target_common/system_stm32g0xx.c.obj
                                 0x4a (size before relaxing)
 .comment       0x00000049       0x4a src/decompiled/CMakeFiles/decompiled.dir/main.cpp.obj
 .comment       0x00000049       0x4a src/decompiled/CMakeFiles/decompiled.dir/decompiled.c.obj

.debug_frame    0x00000000     0x3a70
 .debug_frame   0x00000000       0x3c src/decompiled/CMakeFiles/decompiled.dir/__/mcu_target_common/system_stm32g0xx.c.obj
 .debug_frame   0x0000003c       0x38 src/decompiled/CMakeFiles/decompiled.dir/main.cpp.obj
 .debug_frame   0x00000074     0x39d0 src/decompiled/CMakeFiles/decompiled.dir/decompiled.c.obj
 .debug_frame   0x00003a44       0x2c c:/progra~2/gnuarm~1/102021~1.10/bin/../lib/gcc/arm-none-eabi/10.3.1/../../../../arm-none-eabi/lib/thumb/v6-m/nofp\libc_nano.a(lib_a-init.o)

.stabstr        0x00000000       0x76
 .stabstr       0x00000000       0x76 c:/progra~2/gnuarm~1/102021~1.10/bin/../lib/gcc/arm-none-eabi/10.3.1/../../../../arm-none-eabi/lib/thumb/v6-m/nofp\libnosys.a(getpid.o)

Cross Reference Table

Symbol                                            File
ADC1_IRQHandler                                   src/decompiled/CMakeFiles/decompiled.dir/__/mcu_target_common/startup_stm32g030xx.s.obj
AHBPrescTable                                     src/decompiled/CMakeFiles/decompiled.dir/__/mcu_target_common/system_stm32g0xx.c.obj
APBPrescTable                                     src/decompiled/CMakeFiles/decompiled.dir/__/mcu_target_common/system_stm32g0xx.c.obj
DMA1_Ch4_5_DMAMUX1_OVR_IRQHandler                 src/decompiled/CMakeFiles/decompiled.dir/__/mcu_target_common/startup_stm32g030xx.s.obj
DMA1_Channel1_IRQHandler                          src/decompiled/CMakeFiles/decompiled.dir/__/mcu_target_common/startup_stm32g030xx.s.obj
DMA1_Channel2_3_IRQHandler                        src/decompiled/CMakeFiles/decompiled.dir/__/mcu_target_common/startup_stm32g030xx.s.obj
Default_Handler                                   src/decompiled/CMakeFiles/decompiled.dir/__/mcu_target_common/startup_stm32g030xx.s.obj
EXTI0_1_IRQHandler                                src/decompiled/CMakeFiles/decompiled.dir/__/mcu_target_common/startup_stm32g030xx.s.obj
EXTI2_3_IRQHandler                                src/decompiled/CMakeFiles/decompiled.dir/__/mcu_target_common/startup_stm32g030xx.s.obj
EXTI4_15_IRQHandler                               src/decompiled/CMakeFiles/decompiled.dir/__/mcu_target_common/startup_stm32g030xx.s.obj
FLASH_IRQHandler                                  src/decompiled/CMakeFiles/decompiled.dir/__/mcu_target_common/startup_stm32g030xx.s.obj
HardFault_Handler                                 src/decompiled/CMakeFiles/decompiled.dir/__/mcu_target_common/startup_stm32g030xx.s.obj
I2C1_IRQHandler                                   src/decompiled/CMakeFiles/decompiled.dir/__/mcu_target_common/startup_stm32g030xx.s.obj
I2C2_IRQHandler                                   src/decompiled/CMakeFiles/decompiled.dir/__/mcu_target_common/startup_stm32g030xx.s.obj
NMI_Handler                                       src/decompiled/CMakeFiles/decompiled.dir/__/mcu_target_common/startup_stm32g030xx.s.obj
PendSV_Handler                                    src/decompiled/CMakeFiles/decompiled.dir/__/mcu_target_common/startup_stm32g030xx.s.obj
RCC_IRQHandler                                    src/decompiled/CMakeFiles/decompiled.dir/__/mcu_target_common/startup_stm32g030xx.s.obj
RTC_TAMP_IRQHandler                               src/decompiled/CMakeFiles/decompiled.dir/__/mcu_target_common/startup_stm32g030xx.s.obj
Reset_Handler                                     src/decompiled/CMakeFiles/decompiled.dir/__/mcu_target_common/startup_stm32g030xx.s.obj
SPI1_IRQHandler                                   src/decompiled/CMakeFiles/decompiled.dir/__/mcu_target_common/startup_stm32g030xx.s.obj
SPI2_IRQHandler                                   src/decompiled/CMakeFiles/decompiled.dir/__/mcu_target_common/startup_stm32g030xx.s.obj
SVC_Handler                                       src/decompiled/CMakeFiles/decompiled.dir/__/mcu_target_common/startup_stm32g030xx.s.obj
SysTick_Handler                                   src/decompiled/CMakeFiles/decompiled.dir/__/mcu_target_common/startup_stm32g030xx.s.obj
SystemCoreClock                                   src/decompiled/CMakeFiles/decompiled.dir/__/mcu_target_common/system_stm32g0xx.c.obj
SystemCoreClockUpdate                             src/decompiled/CMakeFiles/decompiled.dir/__/mcu_target_common/system_stm32g0xx.c.obj
SystemInit                                        src/decompiled/CMakeFiles/decompiled.dir/__/mcu_target_common/system_stm32g0xx.c.obj
                                                  src/decompiled/CMakeFiles/decompiled.dir/__/mcu_target_common/startup_stm32g030xx.s.obj
TIM14_IRQHandler                                  src/decompiled/CMakeFiles/decompiled.dir/__/mcu_target_common/startup_stm32g030xx.s.obj
TIM16_IRQHandler                                  src/decompiled/CMakeFiles/decompiled.dir/__/mcu_target_common/startup_stm32g030xx.s.obj
TIM17_IRQHandler                                  src/decompiled/CMakeFiles/decompiled.dir/__/mcu_target_common/startup_stm32g030xx.s.obj
TIM1_BRK_UP_TRG_COM_IRQHandler                    src/decompiled/CMakeFiles/decompiled.dir/__/mcu_target_common/startup_stm32g030xx.s.obj
TIM1_CC_IRQHandler                                src/decompiled/CMakeFiles/decompiled.dir/__/mcu_target_common/startup_stm32g030xx.s.obj
TIM3_IRQHandler                                   src/decompiled/CMakeFiles/decompiled.dir/__/mcu_target_common/startup_stm32g030xx.s.obj
USART1_IRQHandler                                 src/decompiled/CMakeFiles/decompiled.dir/__/mcu_target_common/startup_stm32g030xx.s.obj
USART2_IRQHandler                                 src/decompiled/CMakeFiles/decompiled.dir/__/mcu_target_common/startup_stm32g030xx.s.obj
WWDG_IRQHandler                                   src/decompiled/CMakeFiles/decompiled.dir/__/mcu_target_common/startup_stm32g030xx.s.obj
__aeabi_f2iz                                      c:/progra~2/gnuarm~1/102021~1.10/bin/../lib/gcc/arm-none-eabi/10.3.1/thumb/v6-m/nofp\libgcc.a(fixsfsi.o)
                                                  src/decompiled/CMakeFiles/decompiled.dir/decompiled.c.obj
__aeabi_i2f                                       c:/progra~2/gnuarm~1/102021~1.10/bin/../lib/gcc/arm-none-eabi/10.3.1/thumb/v6-m/nofp\libgcc.a(floatsisf.o)
                                                  src/decompiled/CMakeFiles/decompiled.dir/decompiled.c.obj
__aeabi_idiv                                      c:/progra~2/gnuarm~1/102021~1.10/bin/../lib/gcc/arm-none-eabi/10.3.1/thumb/v6-m/nofp\libgcc.a(_divsi3.o)
                                                  src/decompiled/CMakeFiles/decompiled.dir/decompiled.c.obj
                                                  src/decompiled/CMakeFiles/decompiled.dir/__/mcu_target_common/system_stm32g0xx.c.obj
__aeabi_idiv0                                     c:/progra~2/gnuarm~1/102021~1.10/bin/../lib/gcc/arm-none-eabi/10.3.1/thumb/v6-m/nofp\libgcc.a(_dvmd_tls.o)
                                                  c:/progra~2/gnuarm~1/102021~1.10/bin/../lib/gcc/arm-none-eabi/10.3.1/thumb/v6-m/nofp\libgcc.a(_divsi3.o)
                                                  c:/progra~2/gnuarm~1/102021~1.10/bin/../lib/gcc/arm-none-eabi/10.3.1/thumb/v6-m/nofp\libgcc.a(_udivsi3.o)
__aeabi_idivmod                                   c:/progra~2/gnuarm~1/102021~1.10/bin/../lib/gcc/arm-none-eabi/10.3.1/thumb/v6-m/nofp\libgcc.a(_divsi3.o)
__aeabi_ldiv0                                     c:/progra~2/gnuarm~1/102021~1.10/bin/../lib/gcc/arm-none-eabi/10.3.1/thumb/v6-m/nofp\libgcc.a(_dvmd_tls.o)
__aeabi_uidiv                                     c:/progra~2/gnuarm~1/102021~1.10/bin/../lib/gcc/arm-none-eabi/10.3.1/thumb/v6-m/nofp\libgcc.a(_udivsi3.o)
                                                  src/decompiled/CMakeFiles/decompiled.dir/__/mcu_target_common/system_stm32g0xx.c.obj
__aeabi_uidivmod                                  c:/progra~2/gnuarm~1/102021~1.10/bin/../lib/gcc/arm-none-eabi/10.3.1/thumb/v6-m/nofp\libgcc.a(_udivsi3.o)
__asm_adr                                         src/decompiled/CMakeFiles/decompiled.dir/decompiled.c.obj
__asm_bxns                                        src/decompiled/CMakeFiles/decompiled.dir/decompiled.c.obj
__asm_cdp                                         src/decompiled/CMakeFiles/decompiled.dir/decompiled.c.obj
__asm_cdpgt                                       src/decompiled/CMakeFiles/decompiled.dir/decompiled.c.obj
__asm_cdplo                                       src/decompiled/CMakeFiles/decompiled.dir/decompiled.c.obj
__asm_cdpne                                       src/decompiled/CMakeFiles/decompiled.dir/decompiled.c.obj
__asm_cpsid                                       src/decompiled/CMakeFiles/decompiled.dir/decompiled.c.obj
__asm_cpsie                                       src/decompiled/CMakeFiles/decompiled.dir/decompiled.c.obj
__asm_dsb                                         src/decompiled/CMakeFiles/decompiled.dir/decompiled.c.obj
__asm_ldc                                         src/decompiled/CMakeFiles/decompiled.dir/decompiled.c.obj
__asm_ldcne                                       src/decompiled/CMakeFiles/decompiled.dir/decompiled.c.obj
__asm_mcrrvc                                      src/decompiled/CMakeFiles/decompiled.dir/decompiled.c.obj
__asm_mcrvc                                       src/decompiled/CMakeFiles/decompiled.dir/decompiled.c.obj
__asm_mrsgt                                       src/decompiled/CMakeFiles/decompiled.dir/decompiled.c.obj
__asm_nop                                         src/decompiled/CMakeFiles/decompiled.dir/main.cpp.obj
                                                  src/decompiled/CMakeFiles/decompiled.dir/decompiled.c.obj
__asm_rfedb                                       src/decompiled/CMakeFiles/decompiled.dir/decompiled.c.obj
__asm_rfeia                                       src/decompiled/CMakeFiles/decompiled.dir/decompiled.c.obj
__asm_sadd16ne                                    src/decompiled/CMakeFiles/decompiled.dir/decompiled.c.obj
__asm_smlaldx                                     src/decompiled/CMakeFiles/decompiled.dir/decompiled.c.obj
__asm_smmlar                                      src/decompiled/CMakeFiles/decompiled.dir/decompiled.c.obj
__asm_stcgt                                       src/decompiled/CMakeFiles/decompiled.dir/decompiled.c.obj
__asm_stcgt_1                                     src/decompiled/CMakeFiles/decompiled.dir/decompiled.c.obj
__asm_stcvc                                       src/decompiled/CMakeFiles/decompiled.dir/decompiled.c.obj
__asm_svceq                                       src/decompiled/CMakeFiles/decompiled.dir/decompiled.c.obj
__asm_svchi                                       src/decompiled/CMakeFiles/decompiled.dir/decompiled.c.obj
__asm_svclo                                       src/decompiled/CMakeFiles/decompiled.dir/decompiled.c.obj
__asm_svcne                                       src/decompiled/CMakeFiles/decompiled.dir/decompiled.c.obj
__asm_svcvc                                       src/decompiled/CMakeFiles/decompiled.dir/decompiled.c.obj
__asm_sxtb                                        src/decompiled/CMakeFiles/decompiled.dir/decompiled.c.obj
__asm_sxth                                        src/decompiled/CMakeFiles/decompiled.dir/decompiled.c.obj
__asm_vqadd_s8                                    src/decompiled/CMakeFiles/decompiled.dir/decompiled.c.obj
__bss_end__                                       c:/progra~2/gnuarm~1/102021~1.10/bin/../lib/gcc/arm-none-eabi/10.3.1/../../../../arm-none-eabi/lib/thumb/v6-m/nofp/crt0.o
__bss_start__                                     c:/progra~2/gnuarm~1/102021~1.10/bin/../lib/gcc/arm-none-eabi/10.3.1/../../../../arm-none-eabi/lib/thumb/v6-m/nofp/crt0.o
__call_exitprocs                                  c:/progra~2/gnuarm~1/102021~1.10/bin/../lib/gcc/arm-none-eabi/10.3.1/../../../../arm-none-eabi/lib/thumb/v6-m/nofp\libc_nano.a(lib_a-exit.o)
__clzsi2                                          c:/progra~2/gnuarm~1/102021~1.10/bin/../lib/gcc/arm-none-eabi/10.3.1/thumb/v6-m/nofp\libgcc.a(_clzsi2.o)
                                                  c:/progra~2/gnuarm~1/102021~1.10/bin/../lib/gcc/arm-none-eabi/10.3.1/thumb/v6-m/nofp\libgcc.a(floatsisf.o)
__deregister_frame_info                           c:/progra~2/gnuarm~1/102021~1.10/bin/../lib/gcc/arm-none-eabi/10.3.1/thumb/v6-m/nofp/crtbegin.o
__divsi3                                          c:/progra~2/gnuarm~1/102021~1.10/bin/../lib/gcc/arm-none-eabi/10.3.1/thumb/v6-m/nofp\libgcc.a(_divsi3.o)
__dso_handle                                      c:/progra~2/gnuarm~1/102021~1.10/bin/../lib/gcc/arm-none-eabi/10.3.1/thumb/v6-m/nofp/crtbegin.o
__gnu_thumb1_case_shi                             c:/progra~2/gnuarm~1/102021~1.10/bin/../lib/gcc/arm-none-eabi/10.3.1/thumb/v6-m/nofp\libgcc.a(_thumb1_case_shi.o)
                                                  src/decompiled/CMakeFiles/decompiled.dir/decompiled.c.obj
__init_array_end                                  c:/progra~2/gnuarm~1/102021~1.10/bin/../lib/gcc/arm-none-eabi/10.3.1/../../../../arm-none-eabi/lib/thumb/v6-m/nofp\libc_nano.a(lib_a-init.o)
__init_array_start                                c:/progra~2/gnuarm~1/102021~1.10/bin/../lib/gcc/arm-none-eabi/10.3.1/../../../../arm-none-eabi/lib/thumb/v6-m/nofp\libc_nano.a(lib_a-init.o)
__libc_fini_array                                 c:/progra~2/gnuarm~1/102021~1.10/bin/../lib/gcc/arm-none-eabi/10.3.1/../../../../arm-none-eabi/lib/thumb/v6-m/nofp/crt0.o
__libc_init_array                                 c:/progra~2/gnuarm~1/102021~1.10/bin/../lib/gcc/arm-none-eabi/10.3.1/../../../../arm-none-eabi/lib/thumb/v6-m/nofp\libc_nano.a(lib_a-init.o)
                                                  src/decompiled/CMakeFiles/decompiled.dir/__/mcu_target_common/startup_stm32g030xx.s.obj
                                                  c:/progra~2/gnuarm~1/102021~1.10/bin/../lib/gcc/arm-none-eabi/10.3.1/../../../../arm-none-eabi/lib/thumb/v6-m/nofp/crt0.o
__lock___arc4random_mutex                         c:/progra~2/gnuarm~1/102021~1.10/bin/../lib/gcc/arm-none-eabi/10.3.1/../../../../arm-none-eabi/lib/thumb/v6-m/nofp\libc_nano.a(lib_a-lock.o)
__lock___at_quick_exit_mutex                      c:/progra~2/gnuarm~1/102021~1.10/bin/../lib/gcc/arm-none-eabi/10.3.1/../../../../arm-none-eabi/lib/thumb/v6-m/nofp\libc_nano.a(lib_a-lock.o)
__lock___atexit_recursive_mutex                   c:/progra~2/gnuarm~1/102021~1.10/bin/../lib/gcc/arm-none-eabi/10.3.1/../../../../arm-none-eabi/lib/thumb/v6-m/nofp\libc_nano.a(lib_a-lock.o)
__lock___dd_hash_mutex                            c:/progra~2/gnuarm~1/102021~1.10/bin/../lib/gcc/arm-none-eabi/10.3.1/../../../../arm-none-eabi/lib/thumb/v6-m/nofp\libc_nano.a(lib_a-lock.o)
__lock___env_recursive_mutex                      c:/progra~2/gnuarm~1/102021~1.10/bin/../lib/gcc/arm-none-eabi/10.3.1/../../../../arm-none-eabi/lib/thumb/v6-m/nofp\libc_nano.a(lib_a-lock.o)
__lock___malloc_recursive_mutex                   c:/progra~2/gnuarm~1/102021~1.10/bin/../lib/gcc/arm-none-eabi/10.3.1/../../../../arm-none-eabi/lib/thumb/v6-m/nofp\libc_nano.a(lib_a-lock.o)
                                                  c:/progra~2/gnuarm~1/102021~1.10/bin/../lib/gcc/arm-none-eabi/10.3.1/../../../../arm-none-eabi/lib/thumb/v6-m/nofp\libc_nano.a(lib_a-mlock.o)
__lock___sfp_recursive_mutex                      c:/progra~2/gnuarm~1/102021~1.10/bin/../lib/gcc/arm-none-eabi/10.3.1/../../../../arm-none-eabi/lib/thumb/v6-m/nofp\libc_nano.a(lib_a-lock.o)
__lock___sinit_recursive_mutex                    c:/progra~2/gnuarm~1/102021~1.10/bin/../lib/gcc/arm-none-eabi/10.3.1/../../../../arm-none-eabi/lib/thumb/v6-m/nofp\libc_nano.a(lib_a-lock.o)
__lock___tz_mutex                                 c:/progra~2/gnuarm~1/102021~1.10/bin/../lib/gcc/arm-none-eabi/10.3.1/../../../../arm-none-eabi/lib/thumb/v6-m/nofp\libc_nano.a(lib_a-lock.o)
__malloc_free_list                                c:/progra~2/gnuarm~1/102021~1.10/bin/../lib/gcc/arm-none-eabi/10.3.1/../../../../arm-none-eabi/lib/thumb/v6-m/nofp\libc_nano.a(lib_a-nano-mallocr.o)
                                                  c:/progra~2/gnuarm~1/102021~1.10/bin/../lib/gcc/arm-none-eabi/10.3.1/../../../../arm-none-eabi/lib/thumb/v6-m/nofp\libc_nano.a(lib_a-nano-freer.o)
__malloc_lock                                     c:/progra~2/gnuarm~1/102021~1.10/bin/../lib/gcc/arm-none-eabi/10.3.1/../../../../arm-none-eabi/lib/thumb/v6-m/nofp\libc_nano.a(lib_a-mlock.o)
                                                  c:/progra~2/gnuarm~1/102021~1.10/bin/../lib/gcc/arm-none-eabi/10.3.1/../../../../arm-none-eabi/lib/thumb/v6-m/nofp\libc_nano.a(lib_a-nano-freer.o)
                                                  c:/progra~2/gnuarm~1/102021~1.10/bin/../lib/gcc/arm-none-eabi/10.3.1/../../../../arm-none-eabi/lib/thumb/v6-m/nofp\libc_nano.a(lib_a-nano-mallocr.o)
__malloc_sbrk_start                               c:/progra~2/gnuarm~1/102021~1.10/bin/../lib/gcc/arm-none-eabi/10.3.1/../../../../arm-none-eabi/lib/thumb/v6-m/nofp\libc_nano.a(lib_a-nano-mallocr.o)
__malloc_unlock                                   c:/progra~2/gnuarm~1/102021~1.10/bin/../lib/gcc/arm-none-eabi/10.3.1/../../../../arm-none-eabi/lib/thumb/v6-m/nofp\libc_nano.a(lib_a-mlock.o)
                                                  c:/progra~2/gnuarm~1/102021~1.10/bin/../lib/gcc/arm-none-eabi/10.3.1/../../../../arm-none-eabi/lib/thumb/v6-m/nofp\libc_nano.a(lib_a-nano-freer.o)
                                                  c:/progra~2/gnuarm~1/102021~1.10/bin/../lib/gcc/arm-none-eabi/10.3.1/../../../../arm-none-eabi/lib/thumb/v6-m/nofp\libc_nano.a(lib_a-nano-mallocr.o)
__preinit_array_end                               c:/progra~2/gnuarm~1/102021~1.10/bin/../lib/gcc/arm-none-eabi/10.3.1/../../../../arm-none-eabi/lib/thumb/v6-m/nofp\libc_nano.a(lib_a-init.o)
__preinit_array_start                             c:/progra~2/gnuarm~1/102021~1.10/bin/../lib/gcc/arm-none-eabi/10.3.1/../../../../arm-none-eabi/lib/thumb/v6-m/nofp\libc_nano.a(lib_a-init.o)
__register_frame_info                             c:/progra~2/gnuarm~1/102021~1.10/bin/../lib/gcc/arm-none-eabi/10.3.1/thumb/v6-m/nofp/crtbegin.o
__retarget_lock_acquire                           c:/progra~2/gnuarm~1/102021~1.10/bin/../lib/gcc/arm-none-eabi/10.3.1/../../../../arm-none-eabi/lib/thumb/v6-m/nofp\libc_nano.a(lib_a-lock.o)
__retarget_lock_acquire_recursive                 c:/progra~2/gnuarm~1/102021~1.10/bin/../lib/gcc/arm-none-eabi/10.3.1/../../../../arm-none-eabi/lib/thumb/v6-m/nofp\libc_nano.a(lib_a-lock.o)
                                                  c:/progra~2/gnuarm~1/102021~1.10/bin/../lib/gcc/arm-none-eabi/10.3.1/../../../../arm-none-eabi/lib/thumb/v6-m/nofp\libc_nano.a(lib_a-mlock.o)
__retarget_lock_close                             c:/progra~2/gnuarm~1/102021~1.10/bin/../lib/gcc/arm-none-eabi/10.3.1/../../../../arm-none-eabi/lib/thumb/v6-m/nofp\libc_nano.a(lib_a-lock.o)
__retarget_lock_close_recursive                   c:/progra~2/gnuarm~1/102021~1.10/bin/../lib/gcc/arm-none-eabi/10.3.1/../../../../arm-none-eabi/lib/thumb/v6-m/nofp\libc_nano.a(lib_a-lock.o)
__retarget_lock_init                              c:/progra~2/gnuarm~1/102021~1.10/bin/../lib/gcc/arm-none-eabi/10.3.1/../../../../arm-none-eabi/lib/thumb/v6-m/nofp\libc_nano.a(lib_a-lock.o)
__retarget_lock_init_recursive                    c:/progra~2/gnuarm~1/102021~1.10/bin/../lib/gcc/arm-none-eabi/10.3.1/../../../../arm-none-eabi/lib/thumb/v6-m/nofp\libc_nano.a(lib_a-lock.o)
__retarget_lock_release                           c:/progra~2/gnuarm~1/102021~1.10/bin/../lib/gcc/arm-none-eabi/10.3.1/../../../../arm-none-eabi/lib/thumb/v6-m/nofp\libc_nano.a(lib_a-lock.o)
__retarget_lock_release_recursive                 c:/progra~2/gnuarm~1/102021~1.10/bin/../lib/gcc/arm-none-eabi/10.3.1/../../../../arm-none-eabi/lib/thumb/v6-m/nofp\libc_nano.a(lib_a-lock.o)
                                                  c:/progra~2/gnuarm~1/102021~1.10/bin/../lib/gcc/arm-none-eabi/10.3.1/../../../../arm-none-eabi/lib/thumb/v6-m/nofp\libc_nano.a(lib_a-mlock.o)
__retarget_lock_try_acquire                       c:/progra~2/gnuarm~1/102021~1.10/bin/../lib/gcc/arm-none-eabi/10.3.1/../../../../arm-none-eabi/lib/thumb/v6-m/nofp\libc_nano.a(lib_a-lock.o)
__retarget_lock_try_acquire_recursive             c:/progra~2/gnuarm~1/102021~1.10/bin/../lib/gcc/arm-none-eabi/10.3.1/../../../../arm-none-eabi/lib/thumb/v6-m/nofp\libc_nano.a(lib_a-lock.o)
__sf_fake_stderr                                  c:/progra~2/gnuarm~1/102021~1.10/bin/../lib/gcc/arm-none-eabi/10.3.1/../../../../arm-none-eabi/lib/thumb/v6-m/nofp\libc_nano.a(lib_a-impure.o)
__sf_fake_stdin                                   c:/progra~2/gnuarm~1/102021~1.10/bin/../lib/gcc/arm-none-eabi/10.3.1/../../../../arm-none-eabi/lib/thumb/v6-m/nofp\libc_nano.a(lib_a-impure.o)
__sf_fake_stdout                                  c:/progra~2/gnuarm~1/102021~1.10/bin/../lib/gcc/arm-none-eabi/10.3.1/../../../../arm-none-eabi/lib/thumb/v6-m/nofp\libc_nano.a(lib_a-impure.o)
__sigtramp                                        c:/progra~2/gnuarm~1/102021~1.10/bin/../lib/gcc/arm-none-eabi/10.3.1/../../../../arm-none-eabi/lib/thumb/v6-m/nofp\libc_nano.a(lib_a-signal.o)
__sigtramp_r                                      c:/progra~2/gnuarm~1/102021~1.10/bin/../lib/gcc/arm-none-eabi/10.3.1/../../../../arm-none-eabi/lib/thumb/v6-m/nofp\libc_nano.a(lib_a-signal.o)
__stack                                           c:/progra~2/gnuarm~1/102021~1.10/bin/../lib/gcc/arm-none-eabi/10.3.1/../../../../arm-none-eabi/lib/thumb/v6-m/nofp/crt0.o
__udivsi3                                         c:/progra~2/gnuarm~1/102021~1.10/bin/../lib/gcc/arm-none-eabi/10.3.1/thumb/v6-m/nofp\libgcc.a(_udivsi3.o)
_ebss                                             src/decompiled/CMakeFiles/decompiled.dir/__/mcu_target_common/startup_stm32g030xx.s.obj
_edata                                            src/decompiled/CMakeFiles/decompiled.dir/__/mcu_target_common/startup_stm32g030xx.s.obj
_estack                                           src/decompiled/CMakeFiles/decompiled.dir/__/mcu_target_common/startup_stm32g030xx.s.obj
_exit                                             c:/progra~2/gnuarm~1/102021~1.10/bin/../lib/gcc/arm-none-eabi/10.3.1/../../../../arm-none-eabi/lib/thumb/v6-m/nofp\libnosys.a(_exit.o)
                                                  c:/progra~2/gnuarm~1/102021~1.10/bin/../lib/gcc/arm-none-eabi/10.3.1/../../../../arm-none-eabi/lib/thumb/v6-m/nofp\libc_nano.a(lib_a-exit.o)
                                                  c:/progra~2/gnuarm~1/102021~1.10/bin/../lib/gcc/arm-none-eabi/10.3.1/../../../../arm-none-eabi/lib/thumb/v6-m/nofp\libc_nano.a(lib_a-abort.o)
_fini                                             c:/progra~2/gnuarm~1/102021~1.10/bin/../lib/gcc/arm-none-eabi/10.3.1/thumb/v6-m/nofp/crti.o
_free_r                                           c:/progra~2/gnuarm~1/102021~1.10/bin/../lib/gcc/arm-none-eabi/10.3.1/../../../../arm-none-eabi/lib/thumb/v6-m/nofp\libc_nano.a(lib_a-nano-freer.o)
                                                  c:/progra~2/gnuarm~1/102021~1.10/bin/../lib/gcc/arm-none-eabi/10.3.1/../../../../arm-none-eabi/lib/thumb/v6-m/nofp\libc_nano.a(lib_a-reent.o)
_getpid                                           c:/progra~2/gnuarm~1/102021~1.10/bin/../lib/gcc/arm-none-eabi/10.3.1/../../../../arm-none-eabi/lib/thumb/v6-m/nofp\libnosys.a(getpid.o)
                                                  c:/progra~2/gnuarm~1/102021~1.10/bin/../lib/gcc/arm-none-eabi/10.3.1/../../../../arm-none-eabi/lib/thumb/v6-m/nofp\libc_nano.a(lib_a-signalr.o)
_getpid_r                                         c:/progra~2/gnuarm~1/102021~1.10/bin/../lib/gcc/arm-none-eabi/10.3.1/../../../../arm-none-eabi/lib/thumb/v6-m/nofp\libc_nano.a(lib_a-signalr.o)
                                                  c:/progra~2/gnuarm~1/102021~1.10/bin/../lib/gcc/arm-none-eabi/10.3.1/../../../../arm-none-eabi/lib/thumb/v6-m/nofp\libc_nano.a(lib_a-signal.o)
_global_impure_ptr                                c:/progra~2/gnuarm~1/102021~1.10/bin/../lib/gcc/arm-none-eabi/10.3.1/../../../../arm-none-eabi/lib/thumb/v6-m/nofp\libc_nano.a(lib_a-impure.o)
                                                  c:/progra~2/gnuarm~1/102021~1.10/bin/../lib/gcc/arm-none-eabi/10.3.1/../../../../arm-none-eabi/lib/thumb/v6-m/nofp\libc_nano.a(lib_a-exit.o)
_impure_ptr                                       c:/progra~2/gnuarm~1/102021~1.10/bin/../lib/gcc/arm-none-eabi/10.3.1/../../../../arm-none-eabi/lib/thumb/v6-m/nofp\libc_nano.a(lib_a-impure.o)
                                                  c:/progra~2/gnuarm~1/102021~1.10/bin/../lib/gcc/arm-none-eabi/10.3.1/../../../../arm-none-eabi/lib/thumb/v6-m/nofp\libc_nano.a(lib_a-reent.o)
                                                  c:/progra~2/gnuarm~1/102021~1.10/bin/../lib/gcc/arm-none-eabi/10.3.1/../../../../arm-none-eabi/lib/thumb/v6-m/nofp\libc_nano.a(lib_a-signal.o)
_init                                             c:/progra~2/gnuarm~1/102021~1.10/bin/../lib/gcc/arm-none-eabi/10.3.1/thumb/v6-m/nofp/crti.o
                                                  c:/progra~2/gnuarm~1/102021~1.10/bin/../lib/gcc/arm-none-eabi/10.3.1/../../../../arm-none-eabi/lib/thumb/v6-m/nofp\libc_nano.a(lib_a-init.o)
_init_signal                                      c:/progra~2/gnuarm~1/102021~1.10/bin/../lib/gcc/arm-none-eabi/10.3.1/../../../../arm-none-eabi/lib/thumb/v6-m/nofp\libc_nano.a(lib_a-signal.o)
_init_signal_r                                    c:/progra~2/gnuarm~1/102021~1.10/bin/../lib/gcc/arm-none-eabi/10.3.1/../../../../arm-none-eabi/lib/thumb/v6-m/nofp\libc_nano.a(lib_a-signal.o)
_kill                                             c:/progra~2/gnuarm~1/102021~1.10/bin/../lib/gcc/arm-none-eabi/10.3.1/../../../../arm-none-eabi/lib/thumb/v6-m/nofp\libnosys.a(kill.o)
                                                  c:/progra~2/gnuarm~1/102021~1.10/bin/../lib/gcc/arm-none-eabi/10.3.1/../../../../arm-none-eabi/lib/thumb/v6-m/nofp\libc_nano.a(lib_a-signalr.o)
_kill_r                                           c:/progra~2/gnuarm~1/102021~1.10/bin/../lib/gcc/arm-none-eabi/10.3.1/../../../../arm-none-eabi/lib/thumb/v6-m/nofp\libc_nano.a(lib_a-signalr.o)
                                                  c:/progra~2/gnuarm~1/102021~1.10/bin/../lib/gcc/arm-none-eabi/10.3.1/../../../../arm-none-eabi/lib/thumb/v6-m/nofp\libc_nano.a(lib_a-signal.o)
_mainCRTStartup                                   c:/progra~2/gnuarm~1/102021~1.10/bin/../lib/gcc/arm-none-eabi/10.3.1/../../../../arm-none-eabi/lib/thumb/v6-m/nofp/crt0.o
_malloc_r                                         c:/progra~2/gnuarm~1/102021~1.10/bin/../lib/gcc/arm-none-eabi/10.3.1/../../../../arm-none-eabi/lib/thumb/v6-m/nofp\libc_nano.a(lib_a-nano-mallocr.o)
                                                  c:/progra~2/gnuarm~1/102021~1.10/bin/../lib/gcc/arm-none-eabi/10.3.1/../../../../arm-none-eabi/lib/thumb/v6-m/nofp\libc_nano.a(lib_a-signal.o)
_raise_r                                          c:/progra~2/gnuarm~1/102021~1.10/bin/../lib/gcc/arm-none-eabi/10.3.1/../../../../arm-none-eabi/lib/thumb/v6-m/nofp\libc_nano.a(lib_a-signal.o)
_reclaim_reent                                    c:/progra~2/gnuarm~1/102021~1.10/bin/../lib/gcc/arm-none-eabi/10.3.1/../../../../arm-none-eabi/lib/thumb/v6-m/nofp\libc_nano.a(lib_a-reent.o)
_sbrk                                             c:/progra~2/gnuarm~1/102021~1.10/bin/../lib/gcc/arm-none-eabi/10.3.1/../../../../arm-none-eabi/lib/thumb/v6-m/nofp\libnosys.a(sbrk.o)
                                                  c:/progra~2/gnuarm~1/102021~1.10/bin/../lib/gcc/arm-none-eabi/10.3.1/../../../../arm-none-eabi/lib/thumb/v6-m/nofp\libc_nano.a(lib_a-sbrkr.o)
_sbrk_r                                           c:/progra~2/gnuarm~1/102021~1.10/bin/../lib/gcc/arm-none-eabi/10.3.1/../../../../arm-none-eabi/lib/thumb/v6-m/nofp\libc_nano.a(lib_a-sbrkr.o)
                                                  c:/progra~2/gnuarm~1/102021~1.10/bin/../lib/gcc/arm-none-eabi/10.3.1/../../../../arm-none-eabi/lib/thumb/v6-m/nofp\libc_nano.a(lib_a-nano-mallocr.o)
_sbss                                             src/decompiled/CMakeFiles/decompiled.dir/__/mcu_target_common/startup_stm32g030xx.s.obj
_sdata                                            src/decompiled/CMakeFiles/decompiled.dir/__/mcu_target_common/startup_stm32g030xx.s.obj
_sidata                                           src/decompiled/CMakeFiles/decompiled.dir/__/mcu_target_common/startup_stm32g030xx.s.obj
_signal_r                                         c:/progra~2/gnuarm~1/102021~1.10/bin/../lib/gcc/arm-none-eabi/10.3.1/../../../../arm-none-eabi/lib/thumb/v6-m/nofp\libc_nano.a(lib_a-signal.o)
_stack_init                                       c:/progra~2/gnuarm~1/102021~1.10/bin/../lib/gcc/arm-none-eabi/10.3.1/../../../../arm-none-eabi/lib/thumb/v6-m/nofp/crt0.o
_start                                            c:/progra~2/gnuarm~1/102021~1.10/bin/../lib/gcc/arm-none-eabi/10.3.1/../../../../arm-none-eabi/lib/thumb/v6-m/nofp/crt0.o
abort                                             c:/progra~2/gnuarm~1/102021~1.10/bin/../lib/gcc/arm-none-eabi/10.3.1/../../../../arm-none-eabi/lib/thumb/v6-m/nofp\libc_nano.a(lib_a-abort.o)
                                                  src/decompiled/CMakeFiles/decompiled.dir/decompiled.c.obj
atexit                                            c:/progra~2/gnuarm~1/102021~1.10/bin/../lib/gcc/arm-none-eabi/10.3.1/../../../../arm-none-eabi/lib/thumb/v6-m/nofp/crt0.o
cleanup_glue                                      c:/progra~2/gnuarm~1/102021~1.10/bin/../lib/gcc/arm-none-eabi/10.3.1/../../../../arm-none-eabi/lib/thumb/v6-m/nofp\libc_nano.a(lib_a-reent.o)
end                                               c:/progra~2/gnuarm~1/102021~1.10/bin/../lib/gcc/arm-none-eabi/10.3.1/../../../../arm-none-eabi/lib/thumb/v6-m/nofp\libnosys.a(sbrk.o)
entry_point                                       src/decompiled/CMakeFiles/decompiled.dir/decompiled.c.obj
                                                  src/decompiled/CMakeFiles/decompiled.dir/main.cpp.obj
errno                                             c:/progra~2/gnuarm~1/102021~1.10/bin/../lib/gcc/arm-none-eabi/10.3.1/../../../../arm-none-eabi/lib/thumb/v6-m/nofp\libc_nano.a(lib_a-reent.o)
                                                  c:/progra~2/gnuarm~1/102021~1.10/bin/../lib/gcc/arm-none-eabi/10.3.1/../../../../arm-none-eabi/lib/thumb/v6-m/nofp\libnosys.a(kill.o)
                                                  c:/progra~2/gnuarm~1/102021~1.10/bin/../lib/gcc/arm-none-eabi/10.3.1/../../../../arm-none-eabi/lib/thumb/v6-m/nofp\libnosys.a(getpid.o)
                                                  c:/progra~2/gnuarm~1/102021~1.10/bin/../lib/gcc/arm-none-eabi/10.3.1/../../../../arm-none-eabi/lib/thumb/v6-m/nofp\libc_nano.a(lib_a-sbrkr.o)
                                                  c:/progra~2/gnuarm~1/102021~1.10/bin/../lib/gcc/arm-none-eabi/10.3.1/../../../../arm-none-eabi/lib/thumb/v6-m/nofp\libc_nano.a(lib_a-signalr.o)
exit                                              c:/progra~2/gnuarm~1/102021~1.10/bin/../lib/gcc/arm-none-eabi/10.3.1/../../../../arm-none-eabi/lib/thumb/v6-m/nofp\libc_nano.a(lib_a-exit.o)
                                                  c:/progra~2/gnuarm~1/102021~1.10/bin/../lib/gcc/arm-none-eabi/10.3.1/../../../../arm-none-eabi/lib/thumb/v6-m/nofp/crt0.o
function_100                                      src/decompiled/CMakeFiles/decompiled.dir/decompiled.c.obj
function_102                                      src/decompiled/CMakeFiles/decompiled.dir/decompiled.c.obj
function_1030                                     src/decompiled/CMakeFiles/decompiled.dir/decompiled.c.obj
function_104                                      src/decompiled/CMakeFiles/decompiled.dir/decompiled.c.obj
function_106                                      src/decompiled/CMakeFiles/decompiled.dir/decompiled.c.obj
function_108                                      src/decompiled/CMakeFiles/decompiled.dir/decompiled.c.obj
function_108c                                     src/decompiled/CMakeFiles/decompiled.dir/decompiled.c.obj
function_10a                                      src/decompiled/CMakeFiles/decompiled.dir/decompiled.c.obj
function_10a0                                     src/decompiled/CMakeFiles/decompiled.dir/decompiled.c.obj
function_10c                                      src/decompiled/CMakeFiles/decompiled.dir/decompiled.c.obj
function_10dd868                                  src/decompiled/CMakeFiles/decompiled.dir/decompiled.c.obj
function_10ddda0                                  src/decompiled/CMakeFiles/decompiled.dir/decompiled.c.obj
function_10ddde0                                  src/decompiled/CMakeFiles/decompiled.dir/decompiled.c.obj
function_10e                                      src/decompiled/CMakeFiles/decompiled.dir/decompiled.c.obj
function_110                                      src/decompiled/CMakeFiles/decompiled.dir/decompiled.c.obj
function_111c280                                  src/decompiled/CMakeFiles/decompiled.dir/decompiled.c.obj
function_112                                      src/decompiled/CMakeFiles/decompiled.dir/decompiled.c.obj
function_1128                                     src/decompiled/CMakeFiles/decompiled.dir/decompiled.c.obj
function_114                                      src/decompiled/CMakeFiles/decompiled.dir/decompiled.c.obj
function_116                                      src/decompiled/CMakeFiles/decompiled.dir/decompiled.c.obj
function_117c                                     src/decompiled/CMakeFiles/decompiled.dir/decompiled.c.obj
function_118                                      src/decompiled/CMakeFiles/decompiled.dir/decompiled.c.obj
function_11a                                      src/decompiled/CMakeFiles/decompiled.dir/decompiled.c.obj
function_11c                                      src/decompiled/CMakeFiles/decompiled.dir/decompiled.c.obj
function_11e                                      src/decompiled/CMakeFiles/decompiled.dir/decompiled.c.obj
function_120                                      src/decompiled/CMakeFiles/decompiled.dir/decompiled.c.obj
function_1223186                                  src/decompiled/CMakeFiles/decompiled.dir/decompiled.c.obj
function_128                                      src/decompiled/CMakeFiles/decompiled.dir/decompiled.c.obj
function_1280                                     src/decompiled/CMakeFiles/decompiled.dir/decompiled.c.obj
function_12a8                                     src/decompiled/CMakeFiles/decompiled.dir/decompiled.c.obj
function_12dc27c                                  src/decompiled/CMakeFiles/decompiled.dir/decompiled.c.obj
function_1305104                                  src/decompiled/CMakeFiles/decompiled.dir/decompiled.c.obj
function_139c                                     src/decompiled/CMakeFiles/decompiled.dir/decompiled.c.obj
function_1414692                                  src/decompiled/CMakeFiles/decompiled.dir/decompiled.c.obj
function_1438                                     src/decompiled/CMakeFiles/decompiled.dir/decompiled.c.obj
function_143be                                    src/decompiled/CMakeFiles/decompiled.dir/decompiled.c.obj
function_1478                                     src/decompiled/CMakeFiles/decompiled.dir/decompiled.c.obj
function_14d8                                     src/decompiled/CMakeFiles/decompiled.dir/decompiled.c.obj
function_14d99cc                                  src/decompiled/CMakeFiles/decompiled.dir/decompiled.c.obj
function_1514                                     src/decompiled/CMakeFiles/decompiled.dir/decompiled.c.obj
function_154                                      src/decompiled/CMakeFiles/decompiled.dir/decompiled.c.obj
function_1558                                     src/decompiled/CMakeFiles/decompiled.dir/decompiled.c.obj
function_1598                                     src/decompiled/CMakeFiles/decompiled.dir/decompiled.c.obj
function_1599670                                  src/decompiled/CMakeFiles/decompiled.dir/decompiled.c.obj
function_15b0                                     src/decompiled/CMakeFiles/decompiled.dir/decompiled.c.obj
function_15f0                                     src/decompiled/CMakeFiles/decompiled.dir/decompiled.c.obj
function_1624                                     src/decompiled/CMakeFiles/decompiled.dir/decompiled.c.obj
function_166                                      src/decompiled/CMakeFiles/decompiled.dir/decompiled.c.obj
function_167c                                     src/decompiled/CMakeFiles/decompiled.dir/decompiled.c.obj
function_16e8                                     src/decompiled/CMakeFiles/decompiled.dir/decompiled.c.obj
function_178                                      src/decompiled/CMakeFiles/decompiled.dir/decompiled.c.obj
function_1804                                     src/decompiled/CMakeFiles/decompiled.dir/decompiled.c.obj
function_1810                                     src/decompiled/CMakeFiles/decompiled.dir/decompiled.c.obj
function_1830                                     src/decompiled/CMakeFiles/decompiled.dir/decompiled.c.obj
function_18cc                                     src/decompiled/CMakeFiles/decompiled.dir/decompiled.c.obj
function_18d2                                     src/decompiled/CMakeFiles/decompiled.dir/decompiled.c.obj
function_18d672e                                  src/decompiled/CMakeFiles/decompiled.dir/decompiled.c.obj
function_1928                                     src/decompiled/CMakeFiles/decompiled.dir/decompiled.c.obj
function_1978                                     src/decompiled/CMakeFiles/decompiled.dir/decompiled.c.obj
function_199c                                     src/decompiled/CMakeFiles/decompiled.dir/decompiled.c.obj
function_19c                                      src/decompiled/CMakeFiles/decompiled.dir/decompiled.c.obj
function_1a3b336                                  src/decompiled/CMakeFiles/decompiled.dir/decompiled.c.obj
function_1a40                                     src/decompiled/CMakeFiles/decompiled.dir/decompiled.c.obj
function_1a60                                     src/decompiled/CMakeFiles/decompiled.dir/decompiled.c.obj
function_1a74                                     src/decompiled/CMakeFiles/decompiled.dir/decompiled.c.obj
function_1aa                                      src/decompiled/CMakeFiles/decompiled.dir/decompiled.c.obj
function_1ab8                                     src/decompiled/CMakeFiles/decompiled.dir/decompiled.c.obj
function_1ae                                      src/decompiled/CMakeFiles/decompiled.dir/decompiled.c.obj
function_1c0                                      src/decompiled/CMakeFiles/decompiled.dir/decompiled.c.obj
function_1c65720                                  src/decompiled/CMakeFiles/decompiled.dir/decompiled.c.obj
function_1cd8                                     src/decompiled/CMakeFiles/decompiled.dir/decompiled.c.obj
function_1cdf99a                                  src/decompiled/CMakeFiles/decompiled.dir/decompiled.c.obj
function_1ce                                      src/decompiled/CMakeFiles/decompiled.dir/decompiled.c.obj
function_1d5c38                                   src/decompiled/CMakeFiles/decompiled.dir/decompiled.c.obj
function_1d7c                                     src/decompiled/CMakeFiles/decompiled.dir/decompiled.c.obj
function_1dc156e                                  src/decompiled/CMakeFiles/decompiled.dir/decompiled.c.obj
function_1de0                                     src/decompiled/CMakeFiles/decompiled.dir/decompiled.c.obj
function_1e0c                                     src/decompiled/CMakeFiles/decompiled.dir/decompiled.c.obj
function_1e3c                                     src/decompiled/CMakeFiles/decompiled.dir/decompiled.c.obj
function_1e4                                      src/decompiled/CMakeFiles/decompiled.dir/decompiled.c.obj
function_1e64                                     src/decompiled/CMakeFiles/decompiled.dir/decompiled.c.obj
function_1e90                                     src/decompiled/CMakeFiles/decompiled.dir/decompiled.c.obj
function_1eb8                                     src/decompiled/CMakeFiles/decompiled.dir/decompiled.c.obj
function_1f00                                     src/decompiled/CMakeFiles/decompiled.dir/decompiled.c.obj
function_1f3c                                     src/decompiled/CMakeFiles/decompiled.dir/decompiled.c.obj
function_1f5e                                     src/decompiled/CMakeFiles/decompiled.dir/decompiled.c.obj
function_1f62                                     src/decompiled/CMakeFiles/decompiled.dir/decompiled.c.obj
function_1f66                                     src/decompiled/CMakeFiles/decompiled.dir/decompiled.c.obj
function_1f6a                                     src/decompiled/CMakeFiles/decompiled.dir/decompiled.c.obj
function_1f6e                                     src/decompiled/CMakeFiles/decompiled.dir/decompiled.c.obj
function_1f72                                     src/decompiled/CMakeFiles/decompiled.dir/decompiled.c.obj
function_1f78                                     src/decompiled/CMakeFiles/decompiled.dir/decompiled.c.obj
function_1f7cc                                    src/decompiled/CMakeFiles/decompiled.dir/decompiled.c.obj
function_1fc8                                     src/decompiled/CMakeFiles/decompiled.dir/decompiled.c.obj
function_1fec                                     src/decompiled/CMakeFiles/decompiled.dir/decompiled.c.obj
function_20001388                                 src/decompiled/CMakeFiles/decompiled.dir/decompiled.c.obj
function_2004                                     src/decompiled/CMakeFiles/decompiled.dir/decompiled.c.obj
function_202ed3f6                                 src/decompiled/CMakeFiles/decompiled.dir/decompiled.c.obj
function_2040                                     src/decompiled/CMakeFiles/decompiled.dir/decompiled.c.obj
function_2074                                     src/decompiled/CMakeFiles/decompiled.dir/decompiled.c.obj
function_2098ac                                   src/decompiled/CMakeFiles/decompiled.dir/decompiled.c.obj
function_20a0                                     src/decompiled/CMakeFiles/decompiled.dir/decompiled.c.obj
function_20dc                                     src/decompiled/CMakeFiles/decompiled.dir/decompiled.c.obj
function_2110                                     src/decompiled/CMakeFiles/decompiled.dir/decompiled.c.obj
function_2140                                     src/decompiled/CMakeFiles/decompiled.dir/decompiled.c.obj
function_21aa                                     src/decompiled/CMakeFiles/decompiled.dir/decompiled.c.obj
function_2214                                     src/decompiled/CMakeFiles/decompiled.dir/decompiled.c.obj
function_2218                                     src/decompiled/CMakeFiles/decompiled.dir/decompiled.c.obj
function_221c                                     src/decompiled/CMakeFiles/decompiled.dir/decompiled.c.obj
function_2220                                     src/decompiled/CMakeFiles/decompiled.dir/decompiled.c.obj
function_2224                                     src/decompiled/CMakeFiles/decompiled.dir/decompiled.c.obj
function_222e                                     src/decompiled/CMakeFiles/decompiled.dir/decompiled.c.obj
function_2232                                     src/decompiled/CMakeFiles/decompiled.dir/decompiled.c.obj
function_2236                                     src/decompiled/CMakeFiles/decompiled.dir/decompiled.c.obj
function_223a                                     src/decompiled/CMakeFiles/decompiled.dir/decompiled.c.obj
function_223e                                     src/decompiled/CMakeFiles/decompiled.dir/decompiled.c.obj
function_2242                                     src/decompiled/CMakeFiles/decompiled.dir/decompiled.c.obj
function_2246                                     src/decompiled/CMakeFiles/decompiled.dir/decompiled.c.obj
function_224a                                     src/decompiled/CMakeFiles/decompiled.dir/decompiled.c.obj
function_224e                                     src/decompiled/CMakeFiles/decompiled.dir/decompiled.c.obj
function_2252                                     src/decompiled/CMakeFiles/decompiled.dir/decompiled.c.obj
function_2256                                     src/decompiled/CMakeFiles/decompiled.dir/decompiled.c.obj
function_225a                                     src/decompiled/CMakeFiles/decompiled.dir/decompiled.c.obj
function_225e                                     src/decompiled/CMakeFiles/decompiled.dir/decompiled.c.obj
function_2262                                     src/decompiled/CMakeFiles/decompiled.dir/decompiled.c.obj
function_2266                                     src/decompiled/CMakeFiles/decompiled.dir/decompiled.c.obj
function_2270                                     src/decompiled/CMakeFiles/decompiled.dir/decompiled.c.obj
function_2274                                     src/decompiled/CMakeFiles/decompiled.dir/decompiled.c.obj
function_227a                                     src/decompiled/CMakeFiles/decompiled.dir/decompiled.c.obj
function_228c                                     src/decompiled/CMakeFiles/decompiled.dir/decompiled.c.obj
function_22be                                     src/decompiled/CMakeFiles/decompiled.dir/decompiled.c.obj
function_22c2                                     src/decompiled/CMakeFiles/decompiled.dir/decompiled.c.obj
function_22c6                                     src/decompiled/CMakeFiles/decompiled.dir/decompiled.c.obj
function_22f8                                     src/decompiled/CMakeFiles/decompiled.dir/decompiled.c.obj
function_2342                                     src/decompiled/CMakeFiles/decompiled.dir/decompiled.c.obj
function_235a                                     src/decompiled/CMakeFiles/decompiled.dir/decompiled.c.obj
function_235e                                     src/decompiled/CMakeFiles/decompiled.dir/decompiled.c.obj
function_2361a                                    src/decompiled/CMakeFiles/decompiled.dir/decompiled.c.obj
function_2364                                     src/decompiled/CMakeFiles/decompiled.dir/decompiled.c.obj
function_23648                                    src/decompiled/CMakeFiles/decompiled.dir/decompiled.c.obj
function_236a                                     src/decompiled/CMakeFiles/decompiled.dir/decompiled.c.obj
function_2370                                     src/decompiled/CMakeFiles/decompiled.dir/decompiled.c.obj
function_2376                                     src/decompiled/CMakeFiles/decompiled.dir/decompiled.c.obj
function_237c                                     src/decompiled/CMakeFiles/decompiled.dir/decompiled.c.obj
function_2382                                     src/decompiled/CMakeFiles/decompiled.dir/decompiled.c.obj
function_2388                                     src/decompiled/CMakeFiles/decompiled.dir/decompiled.c.obj
function_238e                                     src/decompiled/CMakeFiles/decompiled.dir/decompiled.c.obj
function_2394                                     src/decompiled/CMakeFiles/decompiled.dir/decompiled.c.obj
function_239c                                     src/decompiled/CMakeFiles/decompiled.dir/decompiled.c.obj
function_239e                                     src/decompiled/CMakeFiles/decompiled.dir/decompiled.c.obj
function_23a37a                                   src/decompiled/CMakeFiles/decompiled.dir/decompiled.c.obj
function_23a6                                     src/decompiled/CMakeFiles/decompiled.dir/decompiled.c.obj
function_23b0                                     src/decompiled/CMakeFiles/decompiled.dir/decompiled.c.obj
function_23c1d6                                   src/decompiled/CMakeFiles/decompiled.dir/decompiled.c.obj
function_255c2                                    src/decompiled/CMakeFiles/decompiled.dir/decompiled.c.obj
function_255e2                                    src/decompiled/CMakeFiles/decompiled.dir/decompiled.c.obj
function_2580                                     src/decompiled/CMakeFiles/decompiled.dir/decompiled.c.obj
function_2660c                                    src/decompiled/CMakeFiles/decompiled.dir/decompiled.c.obj
function_2b24                                     src/decompiled/CMakeFiles/decompiled.dir/decompiled.c.obj
function_2c9c                                     src/decompiled/CMakeFiles/decompiled.dir/decompiled.c.obj
function_2cc0                                     src/decompiled/CMakeFiles/decompiled.dir/decompiled.c.obj
function_2cca                                     src/decompiled/CMakeFiles/decompiled.dir/decompiled.c.obj
function_2cd0                                     src/decompiled/CMakeFiles/decompiled.dir/decompiled.c.obj
function_2d38                                     src/decompiled/CMakeFiles/decompiled.dir/decompiled.c.obj
function_2d94                                     src/decompiled/CMakeFiles/decompiled.dir/decompiled.c.obj
function_2e50                                     src/decompiled/CMakeFiles/decompiled.dir/decompiled.c.obj
function_2e7c                                     src/decompiled/CMakeFiles/decompiled.dir/decompiled.c.obj
function_2e86                                     src/decompiled/CMakeFiles/decompiled.dir/decompiled.c.obj
function_2e90                                     src/decompiled/CMakeFiles/decompiled.dir/decompiled.c.obj
function_2e94                                     src/decompiled/CMakeFiles/decompiled.dir/decompiled.c.obj
function_2e98                                     src/decompiled/CMakeFiles/decompiled.dir/decompiled.c.obj
function_2ea2                                     src/decompiled/CMakeFiles/decompiled.dir/decompiled.c.obj
function_2eaa                                     src/decompiled/CMakeFiles/decompiled.dir/decompiled.c.obj
function_2eac                                     src/decompiled/CMakeFiles/decompiled.dir/decompiled.c.obj
function_2ec8                                     src/decompiled/CMakeFiles/decompiled.dir/decompiled.c.obj
function_2f58                                     src/decompiled/CMakeFiles/decompiled.dir/decompiled.c.obj
function_301c                                     src/decompiled/CMakeFiles/decompiled.dir/decompiled.c.obj
function_31b4                                     src/decompiled/CMakeFiles/decompiled.dir/decompiled.c.obj
function_32478                                    src/decompiled/CMakeFiles/decompiled.dir/decompiled.c.obj
function_328c4                                    src/decompiled/CMakeFiles/decompiled.dir/decompiled.c.obj
function_329c                                     src/decompiled/CMakeFiles/decompiled.dir/decompiled.c.obj
function_32c                                      src/decompiled/CMakeFiles/decompiled.dir/decompiled.c.obj
function_32c8                                     src/decompiled/CMakeFiles/decompiled.dir/decompiled.c.obj
function_32d2                                     src/decompiled/CMakeFiles/decompiled.dir/decompiled.c.obj
function_32dc                                     src/decompiled/CMakeFiles/decompiled.dir/decompiled.c.obj
function_32e6                                     src/decompiled/CMakeFiles/decompiled.dir/decompiled.c.obj
function_32ea                                     src/decompiled/CMakeFiles/decompiled.dir/decompiled.c.obj
function_32ee                                     src/decompiled/CMakeFiles/decompiled.dir/decompiled.c.obj
function_32f8                                     src/decompiled/CMakeFiles/decompiled.dir/decompiled.c.obj
function_3314                                     src/decompiled/CMakeFiles/decompiled.dir/decompiled.c.obj
function_33ac                                     src/decompiled/CMakeFiles/decompiled.dir/decompiled.c.obj
function_348                                      src/decompiled/CMakeFiles/decompiled.dir/decompiled.c.obj
function_3578                                     src/decompiled/CMakeFiles/decompiled.dir/decompiled.c.obj
function_35f8a6                                   src/decompiled/CMakeFiles/decompiled.dir/decompiled.c.obj
function_360100                                   src/decompiled/CMakeFiles/decompiled.dir/decompiled.c.obj
function_3604                                     src/decompiled/CMakeFiles/decompiled.dir/decompiled.c.obj
function_3620                                     src/decompiled/CMakeFiles/decompiled.dir/decompiled.c.obj
function_362652                                   src/decompiled/CMakeFiles/decompiled.dir/decompiled.c.obj
function_364d5a                                   src/decompiled/CMakeFiles/decompiled.dir/decompiled.c.obj
function_3684                                     src/decompiled/CMakeFiles/decompiled.dir/decompiled.c.obj
function_3764                                     src/decompiled/CMakeFiles/decompiled.dir/decompiled.c.obj
function_37d4                                     src/decompiled/CMakeFiles/decompiled.dir/decompiled.c.obj
function_381c                                     src/decompiled/CMakeFiles/decompiled.dir/decompiled.c.obj
function_3b40                                     src/decompiled/CMakeFiles/decompiled.dir/decompiled.c.obj
function_3bf4a                                    src/decompiled/CMakeFiles/decompiled.dir/decompiled.c.obj
function_3cf0                                     src/decompiled/CMakeFiles/decompiled.dir/decompiled.c.obj
function_3d09a6                                   src/decompiled/CMakeFiles/decompiled.dir/decompiled.c.obj
function_3dc8                                     src/decompiled/CMakeFiles/decompiled.dir/decompiled.c.obj
function_3ec0                                     src/decompiled/CMakeFiles/decompiled.dir/decompiled.c.obj
function_3eec                                     src/decompiled/CMakeFiles/decompiled.dir/decompiled.c.obj
function_3ef6                                     src/decompiled/CMakeFiles/decompiled.dir/decompiled.c.obj
function_3f00                                     src/decompiled/CMakeFiles/decompiled.dir/decompiled.c.obj
function_3f04                                     src/decompiled/CMakeFiles/decompiled.dir/decompiled.c.obj
function_3f08                                     src/decompiled/CMakeFiles/decompiled.dir/decompiled.c.obj
function_3f12                                     src/decompiled/CMakeFiles/decompiled.dir/decompiled.c.obj
function_3f18                                     src/decompiled/CMakeFiles/decompiled.dir/decompiled.c.obj
function_3f22                                     src/decompiled/CMakeFiles/decompiled.dir/decompiled.c.obj
function_3f3a                                     src/decompiled/CMakeFiles/decompiled.dir/decompiled.c.obj
function_3f64                                     src/decompiled/CMakeFiles/decompiled.dir/decompiled.c.obj
function_3ffc                                     src/decompiled/CMakeFiles/decompiled.dir/decompiled.c.obj
function_40dc                                     src/decompiled/CMakeFiles/decompiled.dir/decompiled.c.obj
function_418                                      src/decompiled/CMakeFiles/decompiled.dir/decompiled.c.obj
function_425c                                     src/decompiled/CMakeFiles/decompiled.dir/decompiled.c.obj
function_42e8                                     src/decompiled/CMakeFiles/decompiled.dir/decompiled.c.obj
function_43dc                                     src/decompiled/CMakeFiles/decompiled.dir/decompiled.c.obj
function_446e                                     src/decompiled/CMakeFiles/decompiled.dir/decompiled.c.obj
function_4474                                     src/decompiled/CMakeFiles/decompiled.dir/decompiled.c.obj
function_4478                                     src/decompiled/CMakeFiles/decompiled.dir/decompiled.c.obj
function_447a                                     src/decompiled/CMakeFiles/decompiled.dir/decompiled.c.obj
function_4480                                     src/decompiled/CMakeFiles/decompiled.dir/decompiled.c.obj
function_4488                                     src/decompiled/CMakeFiles/decompiled.dir/decompiled.c.obj
function_448c                                     src/decompiled/CMakeFiles/decompiled.dir/decompiled.c.obj
function_448e                                     src/decompiled/CMakeFiles/decompiled.dir/decompiled.c.obj
function_4494                                     src/decompiled/CMakeFiles/decompiled.dir/decompiled.c.obj
function_4498                                     src/decompiled/CMakeFiles/decompiled.dir/decompiled.c.obj
function_449a                                     src/decompiled/CMakeFiles/decompiled.dir/decompiled.c.obj
function_44c4                                     src/decompiled/CMakeFiles/decompiled.dir/decompiled.c.obj
function_44df04                                   src/decompiled/CMakeFiles/decompiled.dir/decompiled.c.obj
function_458c                                     src/decompiled/CMakeFiles/decompiled.dir/decompiled.c.obj
function_45d44                                    src/decompiled/CMakeFiles/decompiled.dir/decompiled.c.obj
function_4759dc                                   src/decompiled/CMakeFiles/decompiled.dir/decompiled.c.obj
function_4908                                     src/decompiled/CMakeFiles/decompiled.dir/decompiled.c.obj
function_4d48                                     src/decompiled/CMakeFiles/decompiled.dir/decompiled.c.obj
function_508                                      src/decompiled/CMakeFiles/decompiled.dir/decompiled.c.obj
function_50e4                                     src/decompiled/CMakeFiles/decompiled.dir/decompiled.c.obj
function_511c                                     src/decompiled/CMakeFiles/decompiled.dir/decompiled.c.obj
function_51c0                                     src/decompiled/CMakeFiles/decompiled.dir/decompiled.c.obj
function_524                                      src/decompiled/CMakeFiles/decompiled.dir/decompiled.c.obj
function_52c8                                     src/decompiled/CMakeFiles/decompiled.dir/decompiled.c.obj
function_54c8                                     src/decompiled/CMakeFiles/decompiled.dir/decompiled.c.obj
function_5578                                     src/decompiled/CMakeFiles/decompiled.dir/decompiled.c.obj
function_560                                      src/decompiled/CMakeFiles/decompiled.dir/decompiled.c.obj
function_5678                                     src/decompiled/CMakeFiles/decompiled.dir/decompiled.c.obj
function_56b0                                     src/decompiled/CMakeFiles/decompiled.dir/decompiled.c.obj
function_5710                                     src/decompiled/CMakeFiles/decompiled.dir/decompiled.c.obj
function_5748                                     src/decompiled/CMakeFiles/decompiled.dir/decompiled.c.obj
function_5808                                     src/decompiled/CMakeFiles/decompiled.dir/decompiled.c.obj
function_588                                      src/decompiled/CMakeFiles/decompiled.dir/decompiled.c.obj
function_58e4                                     src/decompiled/CMakeFiles/decompiled.dir/decompiled.c.obj
function_5924                                     src/decompiled/CMakeFiles/decompiled.dir/decompiled.c.obj
function_5960                                     src/decompiled/CMakeFiles/decompiled.dir/decompiled.c.obj
function_598c                                     src/decompiled/CMakeFiles/decompiled.dir/decompiled.c.obj
function_59d8                                     src/decompiled/CMakeFiles/decompiled.dir/decompiled.c.obj
function_5b28                                     src/decompiled/CMakeFiles/decompiled.dir/decompiled.c.obj
function_5b58                                     src/decompiled/CMakeFiles/decompiled.dir/decompiled.c.obj
function_5c44                                     src/decompiled/CMakeFiles/decompiled.dir/decompiled.c.obj
function_5cc0                                     src/decompiled/CMakeFiles/decompiled.dir/decompiled.c.obj
function_5de8                                     src/decompiled/CMakeFiles/decompiled.dir/decompiled.c.obj
function_5e8                                      src/decompiled/CMakeFiles/decompiled.dir/decompiled.c.obj
function_5f5c                                     src/decompiled/CMakeFiles/decompiled.dir/decompiled.c.obj
function_608                                      src/decompiled/CMakeFiles/decompiled.dir/decompiled.c.obj
function_62a                                      src/decompiled/CMakeFiles/decompiled.dir/decompiled.c.obj
function_62b4                                     src/decompiled/CMakeFiles/decompiled.dir/decompiled.c.obj
function_650                                      src/decompiled/CMakeFiles/decompiled.dir/decompiled.c.obj
function_66a                                      src/decompiled/CMakeFiles/decompiled.dir/decompiled.c.obj
function_6904                                     src/decompiled/CMakeFiles/decompiled.dir/decompiled.c.obj
function_69d0                                     src/decompiled/CMakeFiles/decompiled.dir/decompiled.c.obj
function_6b88                                     src/decompiled/CMakeFiles/decompiled.dir/decompiled.c.obj
function_6bc2                                     src/decompiled/CMakeFiles/decompiled.dir/decompiled.c.obj
function_6bcc                                     src/decompiled/CMakeFiles/decompiled.dir/decompiled.c.obj
function_6caa                                     src/decompiled/CMakeFiles/decompiled.dir/decompiled.c.obj
function_6cb0                                     src/decompiled/CMakeFiles/decompiled.dir/decompiled.c.obj
function_6d10                                     src/decompiled/CMakeFiles/decompiled.dir/decompiled.c.obj
function_6eca                                     src/decompiled/CMakeFiles/decompiled.dir/decompiled.c.obj
function_6ef4                                     src/decompiled/CMakeFiles/decompiled.dir/decompiled.c.obj
function_6f50                                     src/decompiled/CMakeFiles/decompiled.dir/decompiled.c.obj
function_6f60                                     src/decompiled/CMakeFiles/decompiled.dir/decompiled.c.obj
function_6ff8                                     src/decompiled/CMakeFiles/decompiled.dir/decompiled.c.obj
function_7020                                     src/decompiled/CMakeFiles/decompiled.dir/decompiled.c.obj
function_7070                                     src/decompiled/CMakeFiles/decompiled.dir/decompiled.c.obj
function_710                                      src/decompiled/CMakeFiles/decompiled.dir/decompiled.c.obj
function_739c                                     src/decompiled/CMakeFiles/decompiled.dir/decompiled.c.obj
function_7408                                     src/decompiled/CMakeFiles/decompiled.dir/decompiled.c.obj
function_744c                                     src/decompiled/CMakeFiles/decompiled.dir/decompiled.c.obj
function_74d0                                     src/decompiled/CMakeFiles/decompiled.dir/decompiled.c.obj
function_750                                      src/decompiled/CMakeFiles/decompiled.dir/decompiled.c.obj
function_7504                                     src/decompiled/CMakeFiles/decompiled.dir/decompiled.c.obj
function_7588                                     src/decompiled/CMakeFiles/decompiled.dir/decompiled.c.obj
function_7690                                     src/decompiled/CMakeFiles/decompiled.dir/decompiled.c.obj
function_7714                                     src/decompiled/CMakeFiles/decompiled.dir/decompiled.c.obj
function_774                                      src/decompiled/CMakeFiles/decompiled.dir/decompiled.c.obj
function_77a8                                     src/decompiled/CMakeFiles/decompiled.dir/decompiled.c.obj
function_77bc                                     src/decompiled/CMakeFiles/decompiled.dir/decompiled.c.obj
function_7820                                     src/decompiled/CMakeFiles/decompiled.dir/decompiled.c.obj
function_782c                                     src/decompiled/CMakeFiles/decompiled.dir/decompiled.c.obj
function_78bc                                     src/decompiled/CMakeFiles/decompiled.dir/decompiled.c.obj
function_7b0                                      src/decompiled/CMakeFiles/decompiled.dir/decompiled.c.obj
function_7b74                                     src/decompiled/CMakeFiles/decompiled.dir/decompiled.c.obj
function_7bc                                      src/decompiled/CMakeFiles/decompiled.dir/decompiled.c.obj
function_7c8                                      src/decompiled/CMakeFiles/decompiled.dir/decompiled.c.obj
function_7cb0                                     src/decompiled/CMakeFiles/decompiled.dir/decompiled.c.obj
function_7cc4                                     src/decompiled/CMakeFiles/decompiled.dir/decompiled.c.obj
function_7ce0                                     src/decompiled/CMakeFiles/decompiled.dir/decompiled.c.obj
function_7d4                                      src/decompiled/CMakeFiles/decompiled.dir/decompiled.c.obj
function_7dac                                     src/decompiled/CMakeFiles/decompiled.dir/decompiled.c.obj
function_7e0                                      src/decompiled/CMakeFiles/decompiled.dir/decompiled.c.obj
function_7ea0                                     src/decompiled/CMakeFiles/decompiled.dir/decompiled.c.obj
function_7f24                                     src/decompiled/CMakeFiles/decompiled.dir/decompiled.c.obj
function_7f4                                      src/decompiled/CMakeFiles/decompiled.dir/decompiled.c.obj
function_7fa8                                     src/decompiled/CMakeFiles/decompiled.dir/decompiled.c.obj
function_8204                                     src/decompiled/CMakeFiles/decompiled.dir/decompiled.c.obj
function_82a8                                     src/decompiled/CMakeFiles/decompiled.dir/decompiled.c.obj
function_82f4                                     src/decompiled/CMakeFiles/decompiled.dir/decompiled.c.obj
function_830c                                     src/decompiled/CMakeFiles/decompiled.dir/decompiled.c.obj
function_8418                                     src/decompiled/CMakeFiles/decompiled.dir/decompiled.c.obj
function_8478                                     src/decompiled/CMakeFiles/decompiled.dir/decompiled.c.obj
function_84c8                                     src/decompiled/CMakeFiles/decompiled.dir/decompiled.c.obj
function_8594                                     src/decompiled/CMakeFiles/decompiled.dir/decompiled.c.obj
function_859e                                     src/decompiled/CMakeFiles/decompiled.dir/decompiled.c.obj
function_85bc                                     src/decompiled/CMakeFiles/decompiled.dir/decompiled.c.obj
function_85da                                     src/decompiled/CMakeFiles/decompiled.dir/decompiled.c.obj
function_864c                                     src/decompiled/CMakeFiles/decompiled.dir/decompiled.c.obj
function_870c                                     src/decompiled/CMakeFiles/decompiled.dir/decompiled.c.obj
function_874c                                     src/decompiled/CMakeFiles/decompiled.dir/decompiled.c.obj
function_87d0                                     src/decompiled/CMakeFiles/decompiled.dir/decompiled.c.obj
function_87ea                                     src/decompiled/CMakeFiles/decompiled.dir/decompiled.c.obj
function_87f0                                     src/decompiled/CMakeFiles/decompiled.dir/decompiled.c.obj
function_87f6                                     src/decompiled/CMakeFiles/decompiled.dir/decompiled.c.obj
function_87fc                                     src/decompiled/CMakeFiles/decompiled.dir/decompiled.c.obj
function_8808                                     src/decompiled/CMakeFiles/decompiled.dir/decompiled.c.obj
function_8920                                     src/decompiled/CMakeFiles/decompiled.dir/decompiled.c.obj
function_8934                                     src/decompiled/CMakeFiles/decompiled.dir/decompiled.c.obj
function_8af8                                     src/decompiled/CMakeFiles/decompiled.dir/decompiled.c.obj
function_8c6e                                     src/decompiled/CMakeFiles/decompiled.dir/decompiled.c.obj
function_8c8c                                     src/decompiled/CMakeFiles/decompiled.dir/decompiled.c.obj